../Core/Src/ds3231/DS3231.c:46:6:test_writr	32	static
../Core/Src/ds3231/DS3231.c:55:6:time_i2c_write_single	32	static
../Core/Src/ds3231/DS3231.c:63:6:time_i2c_write_multi	32	static
../Core/Src/ds3231/DS3231.c:69:6:time_i2c_read_single	32	static
../Core/Src/ds3231/DS3231.c:76:6:time_i2c_read_multi	32	static
../Core/Src/ds3231/DS3231.c:82:6:ds3231_I2C_init	4	static
../Core/Src/ds3231/DS3231.c:92:6:ds3231_init	16	static
../Core/Src/ds3231/DS3231.c:105:9:ds3231_run_command	16	static
../Core/Src/ds3231/DS3231.c:125:9:ds3231_run_status	8	static
../Core/Src/ds3231/DS3231.c:135:9:ds3231_init_status_report	8	static
../Core/Src/ds3231/DS3231.c:145:6:ds3231_init_status_update	8	static
../Core/Src/ds3231/DS3231.c:153:6:ds3231_reset	16	static
../Core/Src/ds3231/DS3231.c:237:9:ds3231_read	16	static
../Core/Src/ds3231/DS3231.c:298:9:ds3231_set	16	static
../Core/Src/ds3231/DS3231.c:363:13:ds3231_data_clone	24	static
../Core/Src/ds3231/DS3231.c:391:13:BCD_to_HEX	24	static
../Core/Src/ds3231/DS3231.c:400:13:HEX_to_BCD	24	static
