Archive member included to satisfy reference by file (symbol)

/opt/st/stm32cubeide_1.11.2/plugins/com.st.stm32cube.ide.mcu.externaltools.gnu-tools-for-stm32.10.3-2021.10.linux64_1.0.100.202210260954/tools/bin/../lib/gcc/arm-none-eabi/10.3.1/../../../../arm-none-eabi/lib/thumb/v7-m/nofp/libc_nano.a(lib_a-ctype_.o)
                              ./Core/Src/WS1812B/ws2812b.o (_ctype_)
/opt/st/stm32cubeide_1.11.2/plugins/com.st.stm32cube.ide.mcu.externaltools.gnu-tools-for-stm32.10.3-2021.10.linux64_1.0.100.202210260954/tools/bin/../lib/gcc/arm-none-eabi/10.3.1/../../../../arm-none-eabi/lib/thumb/v7-m/nofp/libc_nano.a(lib_a-errno.o)
                              ./Core/Src/syscalls.o (__errno)
/opt/st/stm32cubeide_1.11.2/plugins/com.st.stm32cube.ide.mcu.externaltools.gnu-tools-for-stm32.10.3-2021.10.linux64_1.0.100.202210260954/tools/bin/../lib/gcc/arm-none-eabi/10.3.1/../../../../arm-none-eabi/lib/thumb/v7-m/nofp/libc_nano.a(lib_a-exit.o)
                              /opt/st/stm32cubeide_1.11.2/plugins/com.st.stm32cube.ide.mcu.externaltools.gnu-tools-for-stm32.10.3-2021.10.linux64_1.0.100.202210260954/tools/bin/../lib/gcc/arm-none-eabi/10.3.1/../../../../arm-none-eabi/lib/thumb/v7-m/nofp/crt0.o (exit)
/opt/st/stm32cubeide_1.11.2/plugins/com.st.stm32cube.ide.mcu.externaltools.gnu-tools-for-stm32.10.3-2021.10.linux64_1.0.100.202210260954/tools/bin/../lib/gcc/arm-none-eabi/10.3.1/../../../../arm-none-eabi/lib/thumb/v7-m/nofp/libc_nano.a(lib_a-findfp.o)
                              ./Middlewares/Third_Party/FreeRTOS/Source/tasks.o (__sf_fake_stderr)
/opt/st/stm32cubeide_1.11.2/plugins/com.st.stm32cube.ide.mcu.externaltools.gnu-tools-for-stm32.10.3-2021.10.linux64_1.0.100.202210260954/tools/bin/../lib/gcc/arm-none-eabi/10.3.1/../../../../arm-none-eabi/lib/thumb/v7-m/nofp/libc_nano.a(lib_a-fwalk.o)
                              /opt/st/stm32cubeide_1.11.2/plugins/com.st.stm32cube.ide.mcu.externaltools.gnu-tools-for-stm32.10.3-2021.10.linux64_1.0.100.202210260954/tools/bin/../lib/gcc/arm-none-eabi/10.3.1/../../../../arm-none-eabi/lib/thumb/v7-m/nofp/libc_nano.a(lib_a-findfp.o) (_fwalk)
/opt/st/stm32cubeide_1.11.2/plugins/com.st.stm32cube.ide.mcu.externaltools.gnu-tools-for-stm32.10.3-2021.10.linux64_1.0.100.202210260954/tools/bin/../lib/gcc/arm-none-eabi/10.3.1/../../../../arm-none-eabi/lib/thumb/v7-m/nofp/libc_nano.a(lib_a-impure.o)
                              /opt/st/stm32cubeide_1.11.2/plugins/com.st.stm32cube.ide.mcu.externaltools.gnu-tools-for-stm32.10.3-2021.10.linux64_1.0.100.202210260954/tools/bin/../lib/gcc/arm-none-eabi/10.3.1/../../../../arm-none-eabi/lib/thumb/v7-m/nofp/libc_nano.a(lib_a-exit.o) (_global_impure_ptr)
/opt/st/stm32cubeide_1.11.2/plugins/com.st.stm32cube.ide.mcu.externaltools.gnu-tools-for-stm32.10.3-2021.10.linux64_1.0.100.202210260954/tools/bin/../lib/gcc/arm-none-eabi/10.3.1/../../../../arm-none-eabi/lib/thumb/v7-m/nofp/libc_nano.a(lib_a-init.o)
                              /opt/st/stm32cubeide_1.11.2/plugins/com.st.stm32cube.ide.mcu.externaltools.gnu-tools-for-stm32.10.3-2021.10.linux64_1.0.100.202210260954/tools/bin/../lib/gcc/arm-none-eabi/10.3.1/../../../../arm-none-eabi/lib/thumb/v7-m/nofp/crt0.o (__libc_init_array)
/opt/st/stm32cubeide_1.11.2/plugins/com.st.stm32cube.ide.mcu.externaltools.gnu-tools-for-stm32.10.3-2021.10.linux64_1.0.100.202210260954/tools/bin/../lib/gcc/arm-none-eabi/10.3.1/../../../../arm-none-eabi/lib/thumb/v7-m/nofp/libc_nano.a(lib_a-lock.o)
                              /opt/st/stm32cubeide_1.11.2/plugins/com.st.stm32cube.ide.mcu.externaltools.gnu-tools-for-stm32.10.3-2021.10.linux64_1.0.100.202210260954/tools/bin/../lib/gcc/arm-none-eabi/10.3.1/../../../../arm-none-eabi/lib/thumb/v7-m/nofp/libc_nano.a(lib_a-findfp.o) (__retarget_lock_init_recursive)
/opt/st/stm32cubeide_1.11.2/plugins/com.st.stm32cube.ide.mcu.externaltools.gnu-tools-for-stm32.10.3-2021.10.linux64_1.0.100.202210260954/tools/bin/../lib/gcc/arm-none-eabi/10.3.1/../../../../arm-none-eabi/lib/thumb/v7-m/nofp/libc_nano.a(lib_a-memcpy-stub.o)
                              ./Middlewares/Third_Party/FreeRTOS/Source/CMSIS_RTOS_V2/cmsis_os2.o (memcpy)
/opt/st/stm32cubeide_1.11.2/plugins/com.st.stm32cube.ide.mcu.externaltools.gnu-tools-for-stm32.10.3-2021.10.linux64_1.0.100.202210260954/tools/bin/../lib/gcc/arm-none-eabi/10.3.1/../../../../arm-none-eabi/lib/thumb/v7-m/nofp/libc_nano.a(lib_a-memset.o)
                              /opt/st/stm32cubeide_1.11.2/plugins/com.st.stm32cube.ide.mcu.externaltools.gnu-tools-for-stm32.10.3-2021.10.linux64_1.0.100.202210260954/tools/bin/../lib/gcc/arm-none-eabi/10.3.1/../../../../arm-none-eabi/lib/thumb/v7-m/nofp/crt0.o (memset)
/opt/st/stm32cubeide_1.11.2/plugins/com.st.stm32cube.ide.mcu.externaltools.gnu-tools-for-stm32.10.3-2021.10.linux64_1.0.100.202210260954/tools/bin/../lib/gcc/arm-none-eabi/10.3.1/../../../../arm-none-eabi/lib/thumb/v7-m/nofp/libc_nano.a(lib_a-nano-mallocr.o)
[...]
Memory Configuration

Name             Origin             Length             Attributes
RAM              0x0000000020000000 0x0000000000005000 xrw
FLASH            0x0000000008000000 0x0000000000010000 xr
*default*        0x0000000000000000 0xffffffffffffffff

Linker script and memory map

LOAD /opt/st/stm32cubeide_1.11.2/plugins/com.st.stm32cube.ide.mcu.externaltools.gnu-tools-for-stm32.10.3-2021.10.linux64_1.0.100.202210260954/tools/bin/../lib/gcc/arm-none-eabi/10.3.1/thumb/v7-m/nofp/crti.o
LOAD /opt/st/stm32cubeide_1.11.2/plugins/com.st.stm32cube.ide.mcu.externaltools.gnu-tools-for-stm32.10.3-2021.10.linux64_1.0.100.202210260954/tools/bin/../lib/gcc/arm-none-eabi/10.3.1/thumb/v7-m/nofp/crtbegin.o
LOAD /opt/st/stm32cubeide_1.11.2/plugins/com.st.stm32cube.ide.mcu.externaltools.gnu-tools-for-stm32.10.3-2021.10.linux64_1.0.100.202210260954/tools/bin/../lib/gcc/arm-none-eabi/10.3.1/../../../../arm-none-eabi/lib/thumb/v7-m/nofp/crt0.o
LOAD ./Core/Src/WS1812B/ws2812b.o
LOAD ./Core/Src/ds3231/DS3231.o
LOAD ./Core/Src/freertos.o
LOAD ./Core/Src/main.o
LOAD ./Core/Src/stm32f1xx_hal_msp.o
LOAD ./Core/Src/stm32f1xx_hal_timebase_tim.o
LOAD ./Core/Src/stm32f1xx_it.o
LOAD ./Core/Src/syscalls.o
LOAD ./Core/Src/sysmem.o
LOAD ./Core/Src/system_stm32f1xx.o
LOAD ./Core/Startup/startup_stm32f103c8tx.o
LOAD ./Drivers/STM32F1xx_HAL_Driver/Src/stm32f1xx_hal.o
LOAD ./Drivers/STM32F1xx_HAL_Driver/Src/stm32f1xx_hal_adc.o
LOAD ./Drivers/STM32F1xx_HAL_Driver/Src/stm32f1xx_hal_adc_ex.o
LOAD ./Drivers/STM32F1xx_HAL_Driver/Src/stm32f1xx_hal_cortex.o
LOAD ./Drivers/STM32F1xx_HAL_Driver/Src/stm32f1xx_hal_crc.o
LOAD ./Drivers/STM32F1xx_HAL_Driver/Src/stm32f1xx_hal_dma.o
LOAD ./Drivers/STM32F1xx_HAL_Driver/Src/stm32f1xx_hal_exti.o
LOAD ./Drivers/STM32F1xx_HAL_Driver/Src/stm32f1xx_hal_flash.o
LOAD ./Drivers/STM32F1xx_HAL_Driver/Src/stm32f1xx_hal_flash_ex.o
LOAD ./Drivers/STM32F1xx_HAL_Driver/Src/stm32f1xx_hal_gpio.o
LOAD ./Drivers/STM32F1xx_HAL_Driver/Src/stm32f1xx_hal_gpio_ex.o
LOAD ./Drivers/STM32F1xx_HAL_Driver/Src/stm32f1xx_hal_i2c.o
LOAD ./Drivers/STM32F1xx_HAL_Driver/Src/stm32f1xx_hal_pwr.o
LOAD ./Drivers/STM32F1xx_HAL_Driver/Src/stm32f1xx_hal_rcc.o
LOAD ./Drivers/STM32F1xx_HAL_Driver/Src/stm32f1xx_hal_rcc_ex.o
LOAD ./Drivers/STM32F1xx_HAL_Driver/Src/stm32f1xx_hal_tim.o
LOAD ./Drivers/STM32F1xx_HAL_Driver/Src/stm32f1xx_hal_tim_ex.o
LOAD ./Middlewares/Third_Party/FreeRTOS/Source/CMSIS_RTOS_V2/cmsis_os2.o
LOAD ./Middlewares/Third_Party/FreeRTOS/Source/croutine.o
LOAD ./Middlewares/Third_Party/FreeRTOS/Source/event_groups.o
LOAD ./Middlewares/Third_Party/FreeRTOS/Source/list.o
LOAD ./Middlewares/Third_Party/FreeRTOS/Source/queue.o
LOAD ./Middlewares/Third_Party/FreeRTOS/Source/stream_buffer.o
LOAD ./Middlewares/Third_Party/FreeRTOS/Source/tasks.o
LOAD ./Middlewares/Third_Party/FreeRTOS/Source/timers.o
LOAD ./Middlewares/Third_Party/FreeRTOS/Source/portable/GCC/ARM_CM3/port.o
LOAD ./Middlewares/Third_Party/FreeRTOS/Source/portable/MemMang/heap_4.o
START GROUP
LOAD /opt/st/stm32cubeide_1.11.2/plugins/com.st.stm32cube.ide.mcu.externaltools.gnu-tools-for-stm32.10.3-2021.10.linux64_1.0.100.202210260954/tools/bin/../lib/gcc/arm-none-eabi/10.3.1/../../../../arm-none-eabi/lib/thumb/v7-m/nofp/libc_nano.a
LOAD /opt/st/stm32cubeide_1.11.2/plugins/com.st.stm32cube.ide.mcu.externaltools.gnu-tools-for-stm32.10.3-2021.10.linux64_1.0.100.202210260954/tools/bin/../lib/gcc/arm-none-eabi/10.3.1/../../../../arm-none-eabi/lib/thumb/v7-m/nofp/libm.a
END GROUP
START GROUP
LOAD /opt/st/stm32cubeide_1.11.2/plugins/com.st.stm32cube.ide.mcu.externaltools.gnu-tools-for-stm32.10.3-2021.10.linux64_1.0.100.202210260954/tools/bin/../lib/gcc/arm-none-eabi/10.3.1/thumb/v7-m/nofp/libgcc.a
LOAD /opt/st/stm32cubeide_1.11.2/plugins/com.st.stm32cube.ide.mcu.externaltools.gnu-tools-for-stm32.10.3-2021.10.linux64_1.0.100.202210260954/tools/bin/../lib/gcc/arm-none-eabi/10.3.1/../../../../arm-none-eabi/lib/thumb/v7-m/nofp/libc_nano.a
END GROUP
START GROUP
LOAD /opt/st/stm32cubeide_1.11.2/plugins/com.st.stm32cube.ide.mcu.externaltools.gnu-tools-for-stm32.10.3-2021.10.linux64_1.0.100.202210260954/tools/bin/../lib/gcc/arm-none-eabi/10.3.1/thumb/v7-m/nofp/libgcc.a
LOAD /opt/st/stm32cubeide_1.11.2/plugins/com.st.stm32cube.ide.mcu.externaltools.gnu-tools-for-stm32.10.3-2021.10.linux64_1.0.100.202210260954/tools/bin/../lib/gcc/arm-none-eabi/10.3.1/../../../../arm-none-eabi/lib/thumb/v7-m/nofp/libc_nano.a
LOAD /opt/st/stm32cubeide_1.11.2/plugins/com.st.stm32cube.ide.mcu.externaltools.gnu-tools-for-stm32.10.3-2021.10.linux64_1.0.100.202210260954/tools/bin/../lib/gcc/arm-none-eabi/10.3.1/../../../../arm-none-eabi/lib/thumb/v7-m/nofp/libnosys.a
END GROUP
START GROUP
LOAD /opt/st/stm32cubeide_1.11.2/plugins/com.st.stm32cube.ide.mcu.externaltools.gnu-tools-for-stm32.10.3-2021.10.linux64_1.0.100.202210260954/tools/bin/../lib/gcc/arm-none-eabi/10.3.1/thumb/v7-m/nofp/libgcc.a
LOAD /opt/st/stm32cubeide_1.11.2/plugins/com.st.stm32cube.ide.mcu.externaltools.gnu-tools-for-stm32.10.3-2021.10.linux64_1.0.100.202210260954/tools/bin/../lib/gcc/arm-none-eabi/10.3.1/../../../../arm-none-eabi/lib/thumb/v7-m/nofp/libc_nano.a
LOAD /opt/st/stm32cubeide_1.11.2/plugins/com.st.stm32cube.ide.mcu.externaltools.gnu-tools-for-stm32.10.3-2021.10.linux64_1.0.100.202210260954/tools/bin/../lib/gcc/arm-none-eabi/10.3.1/../../../../arm-none-eabi/lib/thumb/v7-m/nofp/libnosys.a
END GROUP
LOAD /opt/st/stm32cubeide_1.11.2/plugins/com.st.stm32cube.ide.mcu.externaltools.gnu-tools-for-stm32.10.3-2021.10.linux64_1.0.100.202210260954/tools/bin/../lib/gcc/arm-none-eabi/10.3.1/thumb/v7-m/nofp/crtend.o
LOAD /opt/st/stm32cubeide_1.11.2/plugins/com.st.stm32cube.ide.mcu.externaltools.gnu-tools-for-stm32.10.3-2021.10.linux64_1.0.100.202210260954/tools/bin/../lib/gcc/arm-none-eabi/10.3.1/thumb/v7-m/nofp/crtn.o
                0x0000000020005000                _estack = (ORIGIN (RAM) + LENGTH (RAM))
                0x0000000000000200                _Min_Heap_Size = 0x200
                0x0000000000000400                _Min_Stack_Size = 0x400

.isr_vector     0x0000000008000000      0x10c
                0x0000000008000000                . = ALIGN (0x4)
 *(.isr_vector)
 .isr_vector    0x0000000008000000      0x10c ./Core/Startup/startup_stm32f103c8tx.o
                0x0000000008000000                g_pfnVectors
                0x000000000800010c                . = ALIGN (0x4)

.text           0x0000000008000110     0xa630
                0x0000000008000110                . = ALIGN (0x4)
 *(.text)
 .text          0x0000000008000110       0x40 /opt/st/stm32cubeide_1.11.2/plugins/com.st.stm32cube.ide.mcu.externaltools.gnu-tools-for-stm32.10.3-2021.10.linux64_1.0.100.202210260954/tools/bin/../lib/gcc/arm-none-eabi/10.3.1/thumb/v7-m/nofp/crtbegin.o
 *(.text*)
 .text.Set_LED  0x0000000008000150       0x58 ./Core/Src/WS1812B/ws2812b.o
                0x0000000008000150                Set_LED
 .text.WS2812_Send
                0x00000000080001a8       0xe0 ./Core/Src/WS1812B/ws2812b.o
                0x00000000080001a8                WS2812_Send
 .text.HAL_TIM_PWM_PulseFinishedCallback
                0x0000000008000288       0x28 ./Core/Src/WS1812B/ws2812b.o
                0x0000000008000288                HAL_TIM_PWM_PulseFinishedCallback
 .text.cleanAllScreenBuffer
                0x00000000080002b0       0x2e ./Core/Src/WS1812B/ws2812b.o
                0x00000000080002b0                cleanAllScreenBuffer
 *fill*         0x00000000080002de        0x2 
 .text.printTime
                0x00000000080002e0      0x10c ./Core/Src/WS1812B/ws2812b.o
                0x00000000080002e0                printTime
 .text.setTimeString
                0x00000000080003ec      0x2fc ./Core/Src/WS1812B/ws2812b.o
                0x00000000080003ec                setTimeString
 .text.setStringOnScreenWithShift
                0x00000000080006e8      0x378 ./Core/Src/WS1812B/ws2812b.o
                0x00000000080006e8                setStringOnScreenWithShift
 .text.textAnimation
                0x0000000008000a60       0x60 ./Core/Src/WS1812B/ws2812b.o
                0x0000000008000a60                textAnimation
 .text.colorAnimation
                0x0000000008000ac0       0x50 ./Core/Src/WS1812B/ws2812b.o
                0x0000000008000ac0                colorAnimation
 .text.fillInAllScreen
                0x0000000008000b10       0xe8 ./Core/Src/WS1812B/ws2812b.o
 .text.time_i2c_write_single
                0x0000000008000bf8       0x40 ./Core/Src/ds3231/DS3231.o
                0x0000000008000bf8                time_i2c_write_single
 .text.time_i2c_write_multi
                0x0000000008000c38       0x48 ./Core/Src/ds3231/DS3231.o
                0x0000000008000c38                time_i2c_write_multi
 .text.time_i2c_read_single
                0x0000000008000c80       0x40 ./Core/Src/ds3231/DS3231.o
                0x0000000008000c80                time_i2c_read_single
 .text.time_i2c_read_multi
                0x0000000008000cc0       0x48 ./Core/Src/ds3231/DS3231.o
                0x0000000008000cc0                time_i2c_read_multi
 .text.ds3231_read
                0x0000000008000d08      0x180 ./Core/Src/ds3231/DS3231.o
                0x0000000008000d08                ds3231_read
 .text.ds3231_set
                0x0000000008000e88      0x1f0 ./Core/Src/ds3231/DS3231.o
                0x0000000008000e88                ds3231_set
 .text.ds3231_data_clone
                0x0000000008001078       0xa0 ./Core/Src/ds3231/DS3231.o
 .text.BCD_to_HEX
                0x0000000008001118       0x7c ./Core/Src/ds3231/DS3231.o
 .text.HEX_to_BCD
                0x0000000008001194       0x86 ./Core/Src/ds3231/DS3231.o
 *fill*         0x000000000800121a        0x2 
 .text.HAL_GPIO_EXTI_Callback
                0x000000000800121c       0x50 ./Core/Src/main.o
                0x000000000800121c                HAL_GPIO_EXTI_Callback
 .text.selectColors
                0x000000000800126c      0x138 ./Core/Src/main.o
                0x000000000800126c                selectColors
 .text.main     0x00000000080013a4      0x168 ./Core/Src/main.o
                0x00000000080013a4                main
 .text.SystemClock_Config
                0x000000000800150c       0xb6 ./Core/Src/main.o
                0x000000000800150c                SystemClock_Config
 *fill*         0x00000000080015c2        0x2 
 .text.MX_ADC1_Init
                0x00000000080015c4       0x7c ./Core/Src/main.o
 .text.MX_CRC_Init
                0x0000000008001640       0x28 ./Core/Src/main.o
 .text.MX_I2C2_Init
                0x0000000008001668       0x5c ./Core/Src/main.o
 .text.MX_TIM2_Init
                0x00000000080016c4       0xe8 ./Core/Src/main.o
 .text.MX_TIM3_Init
                0x00000000080017ac       0x9c ./Core/Src/main.o
 .text.MX_DMA_Init
                0x0000000008001848       0x3c ./Core/Src/main.o
 .text.MX_GPIO_Init
                0x0000000008001884      0x164 ./Core/Src/main.o
 .text.StartDefaultTask
                0x00000000080019e8       0x12 ./Core/Src/main.o
                0x00000000080019e8                StartDefaultTask
 *fill*         0x00000000080019fa        0x2 
 .text.StartDC2321Task
                0x00000000080019fc       0xe4 ./Core/Src/main.o
                0x00000000080019fc                StartDC2321Task
 .text.StartButtons
                0x0000000008001ae0      0x328 ./Core/Src/main.o
                0x0000000008001ae0                StartButtons
 .text.Startws2812b
                0x0000000008001e08      0x19c ./Core/Src/main.o
                0x0000000008001e08                Startws2812b
 .text.StartLightTask
                0x0000000008001fa4       0xe4 ./Core/Src/main.o
                0x0000000008001fa4                StartLightTask
 .text.HAL_TIM_PeriodElapsedCallback
                0x0000000008002088      0x100 ./Core/Src/main.o
                0x0000000008002088                HAL_TIM_PeriodElapsedCallback
 .text.Error_Handler
                0x0000000008002188        0xa ./Core/Src/main.o
                0x0000000008002188                Error_Handler
 *fill*         0x0000000008002192        0x2 
 .text.HAL_MspInit
                0x0000000008002194       0x70 ./Core/Src/stm32f1xx_hal_msp.o
                0x0000000008002194                HAL_MspInit
 .text.HAL_ADC_MspInit
                0x0000000008002204       0x78 ./Core/Src/stm32f1xx_hal_msp.o
                0x0000000008002204                HAL_ADC_MspInit
 .text.HAL_CRC_MspInit
                0x000000000800227c       0x3c ./Core/Src/stm32f1xx_hal_msp.o
                0x000000000800227c                HAL_CRC_MspInit
 .text.HAL_I2C_MspInit
                0x00000000080022b8       0x80 ./Core/Src/stm32f1xx_hal_msp.o
                0x00000000080022b8                HAL_I2C_MspInit
 .text.HAL_TIM_Base_MspInit
                0x0000000008002338       0xe4 ./Core/Src/stm32f1xx_hal_msp.o
                0x0000000008002338                HAL_TIM_Base_MspInit
 .text.HAL_TIM_MspPostInit
                0x000000000800241c       0x60 ./Core/Src/stm32f1xx_hal_msp.o
                0x000000000800241c                HAL_TIM_MspPostInit
 .text.HAL_InitTick
                0x000000000800247c       0xfc ./Core/Src/stm32f1xx_hal_timebase_tim.o
                0x000000000800247c                HAL_InitTick
 .text.NMI_Handler
                0x0000000008002578        0x6 ./Core/Src/stm32f1xx_it.o
                0x0000000008002578                NMI_Handler
 .text.HardFault_Handler
                0x000000000800257e        0x6 ./Core/Src/stm32f1xx_it.o
                0x000000000800257e                HardFault_Handler
 .text.MemManage_Handler
                0x0000000008002584        0x6 ./Core/Src/stm32f1xx_it.o
                0x0000000008002584                MemManage_Handler
 .text.BusFault_Handler
                0x000000000800258a        0x6 ./Core/Src/stm32f1xx_it.o
                0x000000000800258a                BusFault_Handler
 .text.UsageFault_Handler
                0x0000000008002590        0x6 ./Core/Src/stm32f1xx_it.o
                0x0000000008002590                UsageFault_Handler
 .text.DebugMon_Handler
                0x0000000008002596        0xc ./Core/Src/stm32f1xx_it.o
                0x0000000008002596                DebugMon_Handler
 .text.EXTI0_IRQHandler
                0x00000000080025a2        0xe ./Core/Src/stm32f1xx_it.o
                0x00000000080025a2                EXTI0_IRQHandler
 .text.EXTI1_IRQHandler
                0x00000000080025b0        0xe ./Core/Src/stm32f1xx_it.o
                0x00000000080025b0                EXTI1_IRQHandler
 .text.EXTI4_IRQHandler
                0x00000000080025be        0xe ./Core/Src/stm32f1xx_it.o
                0x00000000080025be                EXTI4_IRQHandler
 .text.DMA1_Channel7_IRQHandler
                0x00000000080025cc       0x14 ./Core/Src/stm32f1xx_it.o
                0x00000000080025cc                DMA1_Channel7_IRQHandler
 .text.EXTI9_5_IRQHandler
                0x00000000080025e0        0xe ./Core/Src/stm32f1xx_it.o
                0x00000000080025e0                EXTI9_5_IRQHandler
 *fill*         0x00000000080025ee        0x2 
 .text.TIM2_IRQHandler
                0x00000000080025f0       0x14 ./Core/Src/stm32f1xx_it.o
                0x00000000080025f0                TIM2_IRQHandler
 .text.TIM3_IRQHandler
                0x0000000008002604       0x14 ./Core/Src/stm32f1xx_it.o
                0x0000000008002604                TIM3_IRQHandler
 .text.TIM4_IRQHandler
                0x0000000008002618       0x14 ./Core/Src/stm32f1xx_it.o
                0x0000000008002618                TIM4_IRQHandler
 .text.EXTI15_10_IRQHandler
                0x000000000800262c       0x10 ./Core/Src/stm32f1xx_it.o
                0x000000000800262c                EXTI15_10_IRQHandler
 .text._sbrk    0x000000000800263c       0x6c ./Core/Src/sysmem.o
                0x000000000800263c                _sbrk
 .text.SystemInit
                0x00000000080026a8        0xc ./Core/Src/system_stm32f1xx.o
                0x00000000080026a8                SystemInit
 .text.Reset_Handler
                0x00000000080026b4       0x48 ./Core/Startup/startup_stm32f103c8tx.o
                0x00000000080026b4                Reset_Handler
 .text.Default_Handler
                0x00000000080026fc        0x2 ./Core/Startup/startup_stm32f103c8tx.o
                0x00000000080026fc                RTC_Alarm_IRQHandler
                0x00000000080026fc                EXTI2_IRQHandler
                0x00000000080026fc                TIM1_CC_IRQHandler
                0x00000000080026fc                PVD_IRQHandler
                0x00000000080026fc                EXTI3_IRQHandler
                0x00000000080026fc                I2C2_EV_IRQHandler
                0x00000000080026fc                ADC1_2_IRQHandler
                0x00000000080026fc                SPI1_IRQHandler
                0x00000000080026fc                TAMPER_IRQHandler
                0x00000000080026fc                DMA1_Channel4_IRQHandler
                0x00000000080026fc                USART3_IRQHandler
                0x00000000080026fc                RTC_IRQHandler
                0x00000000080026fc                CAN1_RX1_IRQHandler
                0x00000000080026fc                I2C1_EV_IRQHandler
                0x00000000080026fc                DMA1_Channel6_IRQHandler
                0x00000000080026fc                RCC_IRQHandler
                0x00000000080026fc                TIM1_TRG_COM_IRQHandler
                0x00000000080026fc                DMA1_Channel1_IRQHandler
                0x00000000080026fc                Default_Handler
                0x00000000080026fc                SPI2_IRQHandler
                0x00000000080026fc                DMA1_Channel5_IRQHandler
                0x00000000080026fc                USB_LP_CAN1_RX0_IRQHandler
                0x00000000080026fc                USB_HP_CAN1_TX_IRQHandler
                0x00000000080026fc                DMA1_Channel3_IRQHandler
                0x00000000080026fc                TIM1_UP_IRQHandler
                0x00000000080026fc                WWDG_IRQHandler
                0x00000000080026fc                TIM1_BRK_IRQHandler
                0x00000000080026fc                USART2_IRQHandler
                0x00000000080026fc                I2C2_ER_IRQHandler
                0x00000000080026fc                DMA1_Channel2_IRQHandler
                0x00000000080026fc                CAN1_SCE_IRQHandler
                0x00000000080026fc                FLASH_IRQHandler
                0x00000000080026fc                USART1_IRQHandler
                0x00000000080026fc                I2C1_ER_IRQHandler
                0x00000000080026fc                USBWakeUp_IRQHandler
 *fill*         0x00000000080026fe        0x2 
 .text.HAL_Init
                0x0000000008002700       0x2c ./Drivers/STM32F1xx_HAL_Driver/Src/stm32f1xx_hal.o
                0x0000000008002700                HAL_Init
 .text.HAL_IncTick
                0x000000000800272c       0x24 ./Drivers/STM32F1xx_HAL_Driver/Src/stm32f1xx_hal.o
                0x000000000800272c                HAL_IncTick
 .text.HAL_GetTick
                0x0000000008002750       0x14 ./Drivers/STM32F1xx_HAL_Driver/Src/stm32f1xx_hal.o
                0x0000000008002750                HAL_GetTick
 .text.HAL_ADC_Init
                0x0000000008002764      0x1b0 ./Drivers/STM32F1xx_HAL_Driver/Src/stm32f1xx_hal_adc.o
                0x0000000008002764                HAL_ADC_Init
 .text.HAL_ADC_Start
                0x0000000008002914      0x15c ./Drivers/STM32F1xx_HAL_Driver/Src/stm32f1xx_hal_adc.o
                0x0000000008002914                HAL_ADC_Start
 .text.HAL_ADC_GetValue
                0x0000000008002a70       0x18 ./Drivers/STM32F1xx_HAL_Driver/Src/stm32f1xx_hal_adc.o
                0x0000000008002a70                HAL_ADC_GetValue
 .text.HAL_ADC_ConfigChannel
                0x0000000008002a88      0x1f0 ./Drivers/STM32F1xx_HAL_Driver/Src/stm32f1xx_hal_adc.o
                0x0000000008002a88                HAL_ADC_ConfigChannel
 .text.ADC_Enable
                0x0000000008002c78       0xb4 ./Drivers/STM32F1xx_HAL_Driver/Src/stm32f1xx_hal_adc.o
                0x0000000008002c78                ADC_Enable
 .text.ADC_ConversionStop_Disable
                0x0000000008002d2c       0x82 ./Drivers/STM32F1xx_HAL_Driver/Src/stm32f1xx_hal_adc.o
                0x0000000008002d2c                ADC_ConversionStop_Disable
 *fill*         0x0000000008002dae        0x2 
 .text.__NVIC_SetPriorityGrouping
                0x0000000008002db0       0x48 ./Drivers/STM32F1xx_HAL_Driver/Src/stm32f1xx_hal_cortex.o
 .text.__NVIC_GetPriorityGrouping
                0x0000000008002df8       0x1c ./Drivers/STM32F1xx_HAL_Driver/Src/stm32f1xx_hal_cortex.o
 .text.__NVIC_EnableIRQ
                0x0000000008002e14       0x38 ./Drivers/STM32F1xx_HAL_Driver/Src/stm32f1xx_hal_cortex.o
 .text.__NVIC_SetPriority
                0x0000000008002e4c       0x54 ./Drivers/STM32F1xx_HAL_Driver/Src/stm32f1xx_hal_cortex.o
 .text.NVIC_EncodePriority
                0x0000000008002ea0       0x64 ./Drivers/STM32F1xx_HAL_Driver/Src/stm32f1xx_hal_cortex.o
 .text.HAL_NVIC_SetPriorityGrouping
                0x0000000008002f04       0x16 ./Drivers/STM32F1xx_HAL_Driver/Src/stm32f1xx_hal_cortex.o
                0x0000000008002f04                HAL_NVIC_SetPriorityGrouping
 .text.HAL_NVIC_SetPriority
                0x0000000008002f1a       0x38 ./Drivers/STM32F1xx_HAL_Driver/Src/stm32f1xx_hal_cortex.o
                0x0000000008002f1a                HAL_NVIC_SetPriority
 .text.HAL_NVIC_EnableIRQ
                0x0000000008002f52       0x1c ./Drivers/STM32F1xx_HAL_Driver/Src/stm32f1xx_hal_cortex.o
                0x0000000008002f52                HAL_NVIC_EnableIRQ
 .text.HAL_CRC_Init
                0x0000000008002f6e       0x38 ./Drivers/STM32F1xx_HAL_Driver/Src/stm32f1xx_hal_crc.o
                0x0000000008002f6e                HAL_CRC_Init
 *fill*         0x0000000008002fa6        0x2 
 .text.HAL_DMA_Init
                0x0000000008002fa8       0xb4 ./Drivers/STM32F1xx_HAL_Driver/Src/stm32f1xx_hal_dma.o
                0x0000000008002fa8                HAL_DMA_Init
 .text.HAL_DMA_Start_IT
                0x000000000800305c       0xbe ./Drivers/STM32F1xx_HAL_Driver/Src/stm32f1xx_hal_dma.o
                0x000000000800305c                HAL_DMA_Start_IT
 *fill*         0x000000000800311a        0x2 
 .text.HAL_DMA_Abort_IT
                0x000000000800311c       0xec ./Drivers/STM32F1xx_HAL_Driver/Src/stm32f1xx_hal_dma.o
                0x000000000800311c                HAL_DMA_Abort_IT
 .text.HAL_DMA_IRQHandler
                0x0000000008003208      0x20c ./Drivers/STM32F1xx_HAL_Driver/Src/stm32f1xx_hal_dma.o
                0x0000000008003208                HAL_DMA_IRQHandler
 .text.DMA_SetConfig
                0x0000000008003414       0x5a ./Drivers/STM32F1xx_HAL_Driver/Src/stm32f1xx_hal_dma.o
 *fill*         0x000000000800346e        0x2 
 .text.HAL_GPIO_Init
                0x0000000008003470      0x308 ./Drivers/STM32F1xx_HAL_Driver/Src/stm32f1xx_hal_gpio.o
                0x0000000008003470                HAL_GPIO_Init
 .text.HAL_GPIO_ReadPin
                0x0000000008003778       0x2e ./Drivers/STM32F1xx_HAL_Driver/Src/stm32f1xx_hal_gpio.o
                0x0000000008003778                HAL_GPIO_ReadPin
 .text.HAL_GPIO_WritePin
                0x00000000080037a6       0x30 ./Drivers/STM32F1xx_HAL_Driver/Src/stm32f1xx_hal_gpio.o
                0x00000000080037a6                HAL_GPIO_WritePin
 .text.HAL_GPIO_TogglePin
                0x00000000080037d6       0x32 ./Drivers/STM32F1xx_HAL_Driver/Src/stm32f1xx_hal_gpio.o
                0x00000000080037d6                HAL_GPIO_TogglePin
 .text.HAL_GPIO_EXTI_IRQHandler
                0x0000000008003808       0x30 ./Drivers/STM32F1xx_HAL_Driver/Src/stm32f1xx_hal_gpio.o
                0x0000000008003808                HAL_GPIO_EXTI_IRQHandler
 .text.HAL_I2C_Init
                0x0000000008003838      0x288 ./Drivers/STM32F1xx_HAL_Driver/Src/stm32f1xx_hal_i2c.o
                0x0000000008003838                HAL_I2C_Init
 .text.HAL_I2C_Mem_Write
                0x0000000008003ac0      0x1f4 ./Drivers/STM32F1xx_HAL_Driver/Src/stm32f1xx_hal_i2c.o
                0x0000000008003ac0                HAL_I2C_Mem_Write
 .text.HAL_I2C_Mem_Read
                0x0000000008003cb4      0x4d0 ./Drivers/STM32F1xx_HAL_Driver/Src/stm32f1xx_hal_i2c.o
                0x0000000008003cb4                HAL_I2C_Mem_Read
 .text.I2C_RequestMemoryWrite
                0x0000000008004184      0x12c ./Drivers/STM32F1xx_HAL_Driver/Src/stm32f1xx_hal_i2c.o
 .text.I2C_RequestMemoryRead
                0x00000000080042b0      0x1d0 ./Drivers/STM32F1xx_HAL_Driver/Src/stm32f1xx_hal_i2c.o
 .text.I2C_WaitOnFlagUntilTimeout
                0x0000000008004480       0xae ./Drivers/STM32F1xx_HAL_Driver/Src/stm32f1xx_hal_i2c.o
 .text.I2C_WaitOnMasterAddressFlagUntilTimeout
                0x000000000800452e       0xfe ./Drivers/STM32F1xx_HAL_Driver/Src/stm32f1xx_hal_i2c.o
 .text.I2C_WaitOnTXEFlagUntilTimeout
                0x000000000800462c       0x82 ./Drivers/STM32F1xx_HAL_Driver/Src/stm32f1xx_hal_i2c.o
 .text.I2C_WaitOnBTFFlagUntilTimeout
                0x00000000080046ae       0x82 ./Drivers/STM32F1xx_HAL_Driver/Src/stm32f1xx_hal_i2c.o
 .text.I2C_WaitOnRXNEFlagUntilTimeout
                0x0000000008004730       0xac ./Drivers/STM32F1xx_HAL_Driver/Src/stm32f1xx_hal_i2c.o
 .text.I2C_IsAcknowledgeFailed
                0x00000000080047dc       0x5c ./Drivers/STM32F1xx_HAL_Driver/Src/stm32f1xx_hal_i2c.o
 .text.HAL_RCC_OscConfig
                0x0000000008004838      0x504 ./Drivers/STM32F1xx_HAL_Driver/Src/stm32f1xx_hal_rcc.o
                0x0000000008004838                HAL_RCC_OscConfig
 .text.HAL_RCC_ClockConfig
                0x0000000008004d3c      0x1d4 ./Drivers/STM32F1xx_HAL_Driver/Src/stm32f1xx_hal_rcc.o
                0x0000000008004d3c                HAL_RCC_ClockConfig
 .text.HAL_RCC_GetSysClockFreq
                0x0000000008004f10       0xbc ./Drivers/STM32F1xx_HAL_Driver/Src/stm32f1xx_hal_rcc.o
                0x0000000008004f10                HAL_RCC_GetSysClockFreq
 .text.HAL_RCC_GetHCLKFreq
                0x0000000008004fcc       0x14 ./Drivers/STM32F1xx_HAL_Driver/Src/stm32f1xx_hal_rcc.o
                0x0000000008004fcc                HAL_RCC_GetHCLKFreq
 .text.HAL_RCC_GetPCLK1Freq
                0x0000000008004fe0       0x28 ./Drivers/STM32F1xx_HAL_Driver/Src/stm32f1xx_hal_rcc.o
                0x0000000008004fe0                HAL_RCC_GetPCLK1Freq
 .text.HAL_RCC_GetClockConfig
                0x0000000008005008       0x60 ./Drivers/STM32F1xx_HAL_Driver/Src/stm32f1xx_hal_rcc.o
                0x0000000008005008                HAL_RCC_GetClockConfig
 .text.RCC_Delay
                0x0000000008005068       0x3c ./Drivers/STM32F1xx_HAL_Driver/Src/stm32f1xx_hal_rcc.o
 .text.HAL_RCCEx_PeriphCLKConfig
                0x00000000080050a4      0x16c ./Drivers/STM32F1xx_HAL_Driver/Src/stm32f1xx_hal_rcc_ex.o
                0x00000000080050a4                HAL_RCCEx_PeriphCLKConfig
 .text.HAL_TIM_Base_Init
                0x0000000008005210       0x9e ./Drivers/STM32F1xx_HAL_Driver/Src/stm32f1xx_hal_tim.o
                0x0000000008005210                HAL_TIM_Base_Init
 *fill*         0x00000000080052ae        0x2 
 .text.HAL_TIM_Base_Start_IT
                0x00000000080052b0       0xa4 ./Drivers/STM32F1xx_HAL_Driver/Src/stm32f1xx_hal_tim.o
                0x00000000080052b0                HAL_TIM_Base_Start_IT
 .text.HAL_TIM_Base_Stop_IT
                0x0000000008005354       0x5c ./Drivers/STM32F1xx_HAL_Driver/Src/stm32f1xx_hal_tim.o
                0x0000000008005354                HAL_TIM_Base_Stop_IT
 .text.HAL_TIM_PWM_Init
                0x00000000080053b0       0x9e ./Drivers/STM32F1xx_HAL_Driver/Src/stm32f1xx_hal_tim.o
                0x00000000080053b0                HAL_TIM_PWM_Init
 .text.HAL_TIM_PWM_MspInit
                0x000000000800544e       0x12 ./Drivers/STM32F1xx_HAL_Driver/Src/stm32f1xx_hal_tim.o
                0x000000000800544e                HAL_TIM_PWM_MspInit
 .text.HAL_TIM_PWM_Start_DMA
                0x0000000008005460      0x334 ./Drivers/STM32F1xx_HAL_Driver/Src/stm32f1xx_hal_tim.o
                0x0000000008005460                HAL_TIM_PWM_Start_DMA
 .text.HAL_TIM_PWM_Stop_DMA
                0x0000000008005794      0x17c ./Drivers/STM32F1xx_HAL_Driver/Src/stm32f1xx_hal_tim.o
                0x0000000008005794                HAL_TIM_PWM_Stop_DMA
 .text.HAL_TIM_IRQHandler
                0x0000000008005910      0x210 ./Drivers/STM32F1xx_HAL_Driver/Src/stm32f1xx_hal_tim.o
                0x0000000008005910                HAL_TIM_IRQHandler
 .text.HAL_TIM_PWM_ConfigChannel
                0x0000000008005b20      0x17c ./Drivers/STM32F1xx_HAL_Driver/Src/stm32f1xx_hal_tim.o
                0x0000000008005b20                HAL_TIM_PWM_ConfigChannel
 .text.HAL_TIM_ConfigClockSource
                0x0000000008005c9c      0x188 ./Drivers/STM32F1xx_HAL_Driver/Src/stm32f1xx_hal_tim.o
                0x0000000008005c9c                HAL_TIM_ConfigClockSource
 .text.HAL_TIM_OC_DelayElapsedCallback
                0x0000000008005e24       0x12 ./Drivers/STM32F1xx_HAL_Driver/Src/stm32f1xx_hal_tim.o
                0x0000000008005e24                HAL_TIM_OC_DelayElapsedCallback
 .text.HAL_TIM_IC_CaptureCallback
                0x0000000008005e36       0x12 ./Drivers/STM32F1xx_HAL_Driver/Src/stm32f1xx_hal_tim.o
                0x0000000008005e36                HAL_TIM_IC_CaptureCallback
 .text.HAL_TIM_PWM_PulseFinishedHalfCpltCallback
                0x0000000008005e48       0x12 ./Drivers/STM32F1xx_HAL_Driver/Src/stm32f1xx_hal_tim.o
                0x0000000008005e48                HAL_TIM_PWM_PulseFinishedHalfCpltCallback
 .text.HAL_TIM_TriggerCallback
                0x0000000008005e5a       0x12 ./Drivers/STM32F1xx_HAL_Driver/Src/stm32f1xx_hal_tim.o
                0x0000000008005e5a                HAL_TIM_TriggerCallback
 .text.HAL_TIM_ErrorCallback
                0x0000000008005e6c       0x12 ./Drivers/STM32F1xx_HAL_Driver/Src/stm32f1xx_hal_tim.o
                0x0000000008005e6c                HAL_TIM_ErrorCallback
 .text.TIM_DMAError
                0x0000000008005e7e       0x92 ./Drivers/STM32F1xx_HAL_Driver/Src/stm32f1xx_hal_tim.o
                0x0000000008005e7e                TIM_DMAError
 .text.TIM_DMADelayPulseCplt
                0x0000000008005f10       0xa8 ./Drivers/STM32F1xx_HAL_Driver/Src/stm32f1xx_hal_tim.o
 .text.TIM_DMADelayPulseHalfCplt
                0x0000000008005fb8       0x68 ./Drivers/STM32F1xx_HAL_Driver/Src/stm32f1xx_hal_tim.o
                0x0000000008005fb8                TIM_DMADelayPulseHalfCplt
 .text.TIM_Base_SetConfig
                0x0000000008006020       0xc4 ./Drivers/STM32F1xx_HAL_Driver/Src/stm32f1xx_hal_tim.o
                0x0000000008006020                TIM_Base_SetConfig
 .text.TIM_OC1_SetConfig
                0x00000000080060e4       0xcc ./Drivers/STM32F1xx_HAL_Driver/Src/stm32f1xx_hal_tim.o
 .text.TIM_OC2_SetConfig
                0x00000000080061b0       0xd4 ./Drivers/STM32F1xx_HAL_Driver/Src/stm32f1xx_hal_tim.o
                0x00000000080061b0                TIM_OC2_SetConfig
 .text.TIM_OC3_SetConfig
                0x0000000008006284       0xd4 ./Drivers/STM32F1xx_HAL_Driver/Src/stm32f1xx_hal_tim.o
 .text.TIM_OC4_SetConfig
                0x0000000008006358       0x9c ./Drivers/STM32F1xx_HAL_Driver/Src/stm32f1xx_hal_tim.o
 .text.TIM_TI1_ConfigInputStage
                0x00000000080063f4       0x5c ./Drivers/STM32F1xx_HAL_Driver/Src/stm32f1xx_hal_tim.o
 .text.TIM_TI2_ConfigInputStage
                0x0000000008006450       0x5e ./Drivers/STM32F1xx_HAL_Driver/Src/stm32f1xx_hal_tim.o
 .text.TIM_ITRx_SetConfig
                0x00000000080064ae       0x34 ./Drivers/STM32F1xx_HAL_Driver/Src/stm32f1xx_hal_tim.o
 .text.TIM_ETR_SetConfig
                0x00000000080064e2       0x3e ./Drivers/STM32F1xx_HAL_Driver/Src/stm32f1xx_hal_tim.o
                0x00000000080064e2                TIM_ETR_SetConfig
 .text.TIM_CCxChannelCmd
                0x0000000008006520       0x48 ./Drivers/STM32F1xx_HAL_Driver/Src/stm32f1xx_hal_tim.o
                0x0000000008006520                TIM_CCxChannelCmd
 .text.HAL_TIMEx_MasterConfigSynchronization
                0x0000000008006568       0xbc ./Drivers/STM32F1xx_HAL_Driver/Src/stm32f1xx_hal_tim_ex.o
                0x0000000008006568                HAL_TIMEx_MasterConfigSynchronization
 .text.HAL_TIMEx_CommutCallback
                0x0000000008006624       0x12 ./Drivers/STM32F1xx_HAL_Driver/Src/stm32f1xx_hal_tim_ex.o
                0x0000000008006624                HAL_TIMEx_CommutCallback
 .text.HAL_TIMEx_BreakCallback
                0x0000000008006636       0x12 ./Drivers/STM32F1xx_HAL_Driver/Src/stm32f1xx_hal_tim_ex.o
                0x0000000008006636                HAL_TIMEx_BreakCallback
 .text.osKernelInitialize
                0x0000000008006648       0x64 ./Middlewares/Third_Party/FreeRTOS/Source/CMSIS_RTOS_V2/cmsis_os2.o
                0x0000000008006648                osKernelInitialize
 .text.osKernelStart
                0x00000000080066ac       0x68 ./Middlewares/Third_Party/FreeRTOS/Source/CMSIS_RTOS_V2/cmsis_os2.o
                0x00000000080066ac                osKernelStart
 .text.osThreadNew
                0x0000000008006714      0x154 ./Middlewares/Third_Party/FreeRTOS/Source/CMSIS_RTOS_V2/cmsis_os2.o
                0x0000000008006714                osThreadNew
 .text.osThreadSuspend
                0x0000000008006868       0x68 ./Middlewares/Third_Party/FreeRTOS/Source/CMSIS_RTOS_V2/cmsis_os2.o
                0x0000000008006868                osThreadSuspend
 .text.osThreadResume
                0x00000000080068d0       0x68 ./Middlewares/Third_Party/FreeRTOS/Source/CMSIS_RTOS_V2/cmsis_os2.o
                0x00000000080068d0                osThreadResume
 .text.osDelay  0x0000000008006938       0x5c ./Middlewares/Third_Party/FreeRTOS/Source/CMSIS_RTOS_V2/cmsis_os2.o
                0x0000000008006938                osDelay
 .text.osSemaphoreNew
                0x0000000008006994      0x138 ./Middlewares/Third_Party/FreeRTOS/Source/CMSIS_RTOS_V2/cmsis_os2.o
                0x0000000008006994                osSemaphoreNew
 .text.osMessageQueueNew
                0x0000000008006acc      0x10c ./Middlewares/Third_Party/FreeRTOS/Source/CMSIS_RTOS_V2/cmsis_os2.o
                0x0000000008006acc                osMessageQueueNew
 .text.vApplicationGetIdleTaskMemory
                0x0000000008006bd8       0x30 ./Middlewares/Third_Party/FreeRTOS/Source/CMSIS_RTOS_V2/cmsis_os2.o
                0x0000000008006bd8                vApplicationGetIdleTaskMemory
 .text.vApplicationGetTimerTaskMemory
                0x0000000008006c08       0x34 ./Middlewares/Third_Party/FreeRTOS/Source/CMSIS_RTOS_V2/cmsis_os2.o
                0x0000000008006c08                vApplicationGetTimerTaskMemory
 .text.vListInitialise
                0x0000000008006c3c       0x3e ./Middlewares/Third_Party/FreeRTOS/Source/list.o
                0x0000000008006c3c                vListInitialise
 .text.vListInitialiseItem
                0x0000000008006c7a       0x18 ./Middlewares/Third_Party/FreeRTOS/Source/list.o
                0x0000000008006c7a                vListInitialiseItem
 .text.vListInsertEnd
                0x0000000008006c92       0x46 ./Middlewares/Third_Party/FreeRTOS/Source/list.o
                0x0000000008006c92                vListInsertEnd
 .text.vListInsert
                0x0000000008006cd8       0x70 ./Middlewares/Third_Party/FreeRTOS/Source/list.o
                0x0000000008006cd8                vListInsert
 .text.uxListRemove
                0x0000000008006d48       0x52 ./Middlewares/Third_Party/FreeRTOS/Source/list.o
                0x0000000008006d48                uxListRemove
 *fill*         0x0000000008006d9a        0x2 
 .text.xQueueGenericReset
                0x0000000008006d9c       0xd0 ./Middlewares/Third_Party/FreeRTOS/Source/queue.o
                0x0000000008006d9c                xQueueGenericReset
 .text.xQueueGenericCreateStatic
                0x0000000008006e6c       0xee ./Middlewares/Third_Party/FreeRTOS/Source/queue.o
                0x0000000008006e6c                xQueueGenericCreateStatic
 .text.xQueueGenericCreate
                0x0000000008006f5a       0x7c ./Middlewares/Third_Party/FreeRTOS/Source/queue.o
                0x0000000008006f5a                xQueueGenericCreate
 .text.prvInitialiseNewQueue
                0x0000000008006fd6       0x46 ./Middlewares/Third_Party/FreeRTOS/Source/queue.o
 .text.xQueueCreateCountingSemaphoreStatic
                0x000000000800701c       0x6e ./Middlewares/Third_Party/FreeRTOS/Source/queue.o
                0x000000000800701c                xQueueCreateCountingSemaphoreStatic
 .text.xQueueCreateCountingSemaphore
                0x000000000800708a       0x66 ./Middlewares/Third_Party/FreeRTOS/Source/queue.o
                0x000000000800708a                xQueueCreateCountingSemaphore
 .text.xQueueGenericSend
                0x00000000080070f0      0x1fc ./Middlewares/Third_Party/FreeRTOS/Source/queue.o
                0x00000000080070f0                xQueueGenericSend
 .text.xQueueGenericSendFromISR
                0x00000000080072ec      0x130 ./Middlewares/Third_Party/FreeRTOS/Source/queue.o
                0x00000000080072ec                xQueueGenericSendFromISR
 .text.xQueueGiveFromISR
                0x000000000800741c      0x11a ./Middlewares/Third_Party/FreeRTOS/Source/queue.o
                0x000000000800741c                xQueueGiveFromISR
 *fill*         0x0000000008007536        0x2 
 .text.xQueueReceive
                0x0000000008007538      0x1c0 ./Middlewares/Third_Party/FreeRTOS/Source/queue.o
                0x0000000008007538                xQueueReceive
 .text.xQueueSemaphoreTake
                0x00000000080076f8      0x218 ./Middlewares/Third_Party/FreeRTOS/Source/queue.o
                0x00000000080076f8                xQueueSemaphoreTake
 .text.vQueueDelete
                0x0000000008007910       0x46 ./Middlewares/Third_Party/FreeRTOS/Source/queue.o
                0x0000000008007910                vQueueDelete
 .text.prvGetDisinheritPriorityAfterTimeout
                0x0000000008007956       0x2e ./Middlewares/Third_Party/FreeRTOS/Source/queue.o
 .text.prvCopyDataToQueue
                0x0000000008007984       0xd4 ./Middlewares/Third_Party/FreeRTOS/Source/queue.o
 .text.prvCopyDataFromQueue
                0x0000000008007a58       0x4c ./Middlewares/Third_Party/FreeRTOS/Source/queue.o
 .text.prvUnlockQueue
                0x0000000008007aa4       0xa4 ./Middlewares/Third_Party/FreeRTOS/Source/queue.o
 .text.prvIsQueueEmpty
                0x0000000008007b48       0x2c ./Middlewares/Third_Party/FreeRTOS/Source/queue.o
 .text.prvIsQueueFull
                0x0000000008007b74       0x30 ./Middlewares/Third_Party/FreeRTOS/Source/queue.o
 .text.vQueueAddToRegistry
                0x0000000008007ba4       0x50 ./Middlewares/Third_Party/FreeRTOS/Source/queue.o
                0x0000000008007ba4                vQueueAddToRegistry
 .text.vQueueUnregisterQueue
                0x0000000008007bf4       0x54 ./Middlewares/Third_Party/FreeRTOS/Source/queue.o
                0x0000000008007bf4                vQueueUnregisterQueue
 .text.vQueueWaitForMessageRestricted
                0x0000000008007c48       0x68 ./Middlewares/Third_Party/FreeRTOS/Source/queue.o
                0x0000000008007c48                vQueueWaitForMessageRestricted
 .text.xTaskCreateStatic
                0x0000000008007cb0       0xb8 ./Middlewares/Third_Party/FreeRTOS/Source/tasks.o
                0x0000000008007cb0                xTaskCreateStatic
 .text.xTaskCreate
                0x0000000008007d68       0x8a ./Middlewares/Third_Party/FreeRTOS/Source/tasks.o
                0x0000000008007d68                xTaskCreate
 *fill*         0x0000000008007df2        0x2 
 .text.prvInitialiseNewTask
                0x0000000008007df4      0x13c ./Middlewares/Third_Party/FreeRTOS/Source/tasks.o
 .text.prvAddNewTaskToReadyList
                0x0000000008007f30       0xe0 ./Middlewares/Third_Party/FreeRTOS/Source/tasks.o
 .text.vTaskDelay
                0x0000000008008010       0x68 ./Middlewares/Third_Party/FreeRTOS/Source/tasks.o
                0x0000000008008010                vTaskDelay
 .text.vTaskSuspend
                0x0000000008008078       0xec ./Middlewares/Third_Party/FreeRTOS/Source/tasks.o
                0x0000000008008078                vTaskSuspend
 .text.prvTaskIsTaskSuspended
                0x0000000008008164       0x74 ./Middlewares/Third_Party/FreeRTOS/Source/tasks.o
 .text.vTaskResume
                0x00000000080081d8       0xbc ./Middlewares/Third_Party/FreeRTOS/Source/tasks.o
                0x00000000080081d8                vTaskResume
 .text.vTaskStartScheduler
                0x0000000008008294       0xe0 ./Middlewares/Third_Party/FreeRTOS/Source/tasks.o
                0x0000000008008294                vTaskStartScheduler
 .text.vTaskSuspendAll
                0x0000000008008374       0x1c ./Middlewares/Third_Party/FreeRTOS/Source/tasks.o
                0x0000000008008374                vTaskSuspendAll
 .text.xTaskResumeAll
                0x0000000008008390      0x13c ./Middlewares/Third_Party/FreeRTOS/Source/tasks.o
                0x0000000008008390                xTaskResumeAll
 .text.xTaskGetTickCount
                0x00000000080084cc       0x1c ./Middlewares/Third_Party/FreeRTOS/Source/tasks.o
                0x00000000080084cc                xTaskGetTickCount
 .text.xTaskIncrementTick
                0x00000000080084e8      0x17c ./Middlewares/Third_Party/FreeRTOS/Source/tasks.o
                0x00000000080084e8                xTaskIncrementTick
 .text.vTaskSwitchContext
                0x0000000008008664       0xc8 ./Middlewares/Third_Party/FreeRTOS/Source/tasks.o
                0x0000000008008664                vTaskSwitchContext
 .text.vTaskPlaceOnEventList
                0x000000000800872c       0x48 ./Middlewares/Third_Party/FreeRTOS/Source/tasks.o
                0x000000000800872c                vTaskPlaceOnEventList
 .text.vTaskPlaceOnEventListRestricted
                0x0000000008008774       0x58 ./Middlewares/Third_Party/FreeRTOS/Source/tasks.o
                0x0000000008008774                vTaskPlaceOnEventListRestricted
 .text.xTaskRemoveFromEventList
                0x00000000080087cc       0xc8 ./Middlewares/Third_Party/FreeRTOS/Source/tasks.o
                0x00000000080087cc                xTaskRemoveFromEventList
 .text.vTaskInternalSetTimeOutState
                0x0000000008008894       0x2c ./Middlewares/Third_Party/FreeRTOS/Source/tasks.o
                0x0000000008008894                vTaskInternalSetTimeOutState
 .text.xTaskCheckForTimeOut
                0x00000000080088c0       0xc4 ./Middlewares/Third_Party/FreeRTOS/Source/tasks.o
                0x00000000080088c0                xTaskCheckForTimeOut
 .text.vTaskMissedYield
                0x0000000008008984       0x18 ./Middlewares/Third_Party/FreeRTOS/Source/tasks.o
                0x0000000008008984                vTaskMissedYield
 .text.prvIdleTask
                0x000000000800899c       0x30 ./Middlewares/Third_Party/FreeRTOS/Source/tasks.o
 .text.prvInitialiseTaskLists
                0x00000000080089cc       0x80 ./Middlewares/Third_Party/FreeRTOS/Source/tasks.o
 .text.prvCheckTasksWaitingTermination
                0x0000000008008a4c       0x5c ./Middlewares/Third_Party/FreeRTOS/Source/tasks.o
 .text.prvDeleteTCB
                0x0000000008008aa8       0x68 ./Middlewares/Third_Party/FreeRTOS/Source/tasks.o
 .text.prvResetNextTaskUnblockTime
                0x0000000008008b10       0x48 ./Middlewares/Third_Party/FreeRTOS/Source/tasks.o
 .text.xTaskGetSchedulerState
                0x0000000008008b58       0x3c ./Middlewares/Third_Party/FreeRTOS/Source/tasks.o
                0x0000000008008b58                xTaskGetSchedulerState
 .text.xTaskPriorityInherit
                0x0000000008008b94       0xdc ./Middlewares/Third_Party/FreeRTOS/Source/tasks.o
                0x0000000008008b94                xTaskPriorityInherit
 .text.xTaskPriorityDisinherit
                0x0000000008008c70       0xdc ./Middlewares/Third_Party/FreeRTOS/Source/tasks.o
                0x0000000008008c70                xTaskPriorityDisinherit
 .text.vTaskPriorityDisinheritAfterTimeout
                0x0000000008008d4c      0x10c ./Middlewares/Third_Party/FreeRTOS/Source/tasks.o
                0x0000000008008d4c                vTaskPriorityDisinheritAfterTimeout
 .text.pvTaskIncrementMutexHeldCount
                0x0000000008008e58       0x28 ./Middlewares/Third_Party/FreeRTOS/Source/tasks.o
                0x0000000008008e58                pvTaskIncrementMutexHeldCount
 .text.prvAddCurrentTaskToDelayedList
                0x0000000008008e80       0xa8 ./Middlewares/Third_Party/FreeRTOS/Source/tasks.o
 .text.xTimerCreateTimerTask
                0x0000000008008f28       0x90 ./Middlewares/Third_Party/FreeRTOS/Source/timers.o
                0x0000000008008f28                xTimerCreateTimerTask
 .text.xTimerGenericCommand
                0x0000000008008fb8       0x9c ./Middlewares/Third_Party/FreeRTOS/Source/timers.o
                0x0000000008008fb8                xTimerGenericCommand
 .text.prvProcessExpiredTimer
                0x0000000008009054       0x80 ./Middlewares/Third_Party/FreeRTOS/Source/timers.o
 .text.prvTimerTask
                0x00000000080090d4       0x24 ./Middlewares/Third_Party/FreeRTOS/Source/timers.o
 .text.prvProcessTimerOrBlockTask
                0x00000000080090f8       0x9c ./Middlewares/Third_Party/FreeRTOS/Source/timers.o
 .text.prvGetNextExpireTime
                0x0000000008009194       0x48 ./Middlewares/Third_Party/FreeRTOS/Source/timers.o
 .text.prvSampleTimeNow
                0x00000000080091dc       0x40 ./Middlewares/Third_Party/FreeRTOS/Source/timers.o
 .text.prvInsertTimerInActiveList
                0x000000000800921c       0x84 ./Middlewares/Third_Party/FreeRTOS/Source/timers.o
 .text.prvProcessReceivedCommands
                0x00000000080092a0      0x168 ./Middlewares/Third_Party/FreeRTOS/Source/timers.o
 .text.prvSwitchTimerLists
                0x0000000008009408       0xc4 ./Middlewares/Third_Party/FreeRTOS/Source/timers.o
 .text.prvCheckForValidListAndQueue
                0x00000000080094cc       0x80 ./Middlewares/Third_Party/FreeRTOS/Source/timers.o
 .text.pxPortInitialiseStack
                0x000000000800954c       0x58 ./Middlewares/Third_Party/FreeRTOS/Source/portable/GCC/ARM_CM3/port.o
                0x000000000800954c                pxPortInitialiseStack
 .text.prvTaskExitError
                0x00000000080095a4       0x58 ./Middlewares/Third_Party/FreeRTOS/Source/portable/GCC/ARM_CM3/port.o
 *fill*         0x00000000080095fc        0x4 
 .text.SVC_Handler
                0x0000000008009600       0x28 ./Middlewares/Third_Party/FreeRTOS/Source/portable/GCC/ARM_CM3/port.o
                0x0000000008009600                SVC_Handler
 .text.prvPortStartFirstTask
                0x0000000008009628       0x20 ./Middlewares/Third_Party/FreeRTOS/Source/portable/GCC/ARM_CM3/port.o
 .text.xPortStartScheduler
                0x0000000008009648       0xe4 ./Middlewares/Third_Party/FreeRTOS/Source/portable/GCC/ARM_CM3/port.o
                0x0000000008009648                xPortStartScheduler
 .text.vPortEnterCritical
                0x000000000800972c       0x60 ./Middlewares/Third_Party/FreeRTOS/Source/portable/GCC/ARM_CM3/port.o
                0x000000000800972c                vPortEnterCritical
 .text.vPortExitCritical
                0x000000000800978c       0x50 ./Middlewares/Third_Party/FreeRTOS/Source/portable/GCC/ARM_CM3/port.o
                0x000000000800978c                vPortExitCritical
 *fill*         0x00000000080097dc        0x4 
 .text.PendSV_Handler
                0x00000000080097e0       0x48 ./Middlewares/Third_Party/FreeRTOS/Source/portable/GCC/ARM_CM3/port.o
                0x00000000080097e0                PendSV_Handler
 .text.SysTick_Handler
                0x0000000008009828       0x44 ./Middlewares/Third_Party/FreeRTOS/Source/portable/GCC/ARM_CM3/port.o
                0x0000000008009828                SysTick_Handler
 .text.vPortSetupTimerInterrupt
                0x000000000800986c       0x44 ./Middlewares/Third_Party/FreeRTOS/Source/portable/GCC/ARM_CM3/port.o
                0x000000000800986c                vPortSetupTimerInterrupt
 .text.vPortValidateInterruptPriority
                0x00000000080098b0       0x7c ./Middlewares/Third_Party/FreeRTOS/Source/portable/GCC/ARM_CM3/port.o
                0x00000000080098b0                vPortValidateInterruptPriority
 .text.pvPortMalloc
                0x000000000800992c      0x188 ./Middlewares/Third_Party/FreeRTOS/Source/portable/MemMang/heap_4.o
                0x000000000800992c                pvPortMalloc
 .text.vPortFree
                0x0000000008009ab4       0xb4 ./Middlewares/Third_Party/FreeRTOS/Source/portable/MemMang/heap_4.o
                0x0000000008009ab4                vPortFree
 .text.prvHeapInit
                0x0000000008009b68       0xc4 ./Middlewares/Third_Party/FreeRTOS/Source/portable/MemMang/heap_4.o
 .text.prvInsertBlockIntoFreeList
                0x0000000008009c2c       0xb0 ./Middlewares/Third_Party/FreeRTOS/Source/portable/MemMang/heap_4.o
 .text.__errno  0x0000000008009cdc        0xc /opt/st/stm32cubeide_1.11.2/plugins/com.st.stm32cube.ide.mcu.externaltools.gnu-tools-for-stm32.10.3-2021.10.linux64_1.0.100.202210260954/tools/bin/../lib/gcc/arm-none-eabi/10.3.1/../../../../arm-none-eabi/lib/thumb/v7-m/nofp/libc_nano.a(lib_a-errno.o)
                0x0000000008009cdc                __errno
 .text.__libc_init_array
                0x0000000008009ce8       0x48 /opt/st/stm32cubeide_1.11.2/plugins/com.st.stm32cube.ide.mcu.externaltools.gnu-tools-for-stm32.10.3-2021.10.linux64_1.0.100.202210260954/tools/bin/../lib/gcc/arm-none-eabi/10.3.1/../../../../arm-none-eabi/lib/thumb/v7-m/nofp/libc_nano.a(lib_a-init.o)
                0x0000000008009ce8                __libc_init_array
 .text.__retarget_lock_acquire_recursive
                0x0000000008009d30        0x2 /opt/st/stm32cubeide_1.11.2/plugins/com.st.stm32cube.ide.mcu.externaltools.gnu-tools-for-stm32.10.3-2021.10.linux64_1.0.100.202210260954/tools/bin/../lib/gcc/arm-none-eabi/10.3.1/../../../../arm-none-eabi/lib/thumb/v7-m/nofp/libc_nano.a(lib_a-lock.o)
                0x0000000008009d30                __retarget_lock_acquire_recursive
 .text.__retarget_lock_release_recursive
                0x0000000008009d32        0x2 /opt/st/stm32cubeide_1.11.2/plugins/com.st.stm32cube.ide.mcu.externaltools.gnu-tools-for-stm32.10.3-2021.10.linux64_1.0.100.202210260954/tools/bin/../lib/gcc/arm-none-eabi/10.3.1/../../../../arm-none-eabi/lib/thumb/v7-m/nofp/libc_nano.a(lib_a-lock.o)
                0x0000000008009d32                __retarget_lock_release_recursive
 .text.memcpy   0x0000000008009d34       0x1c /opt/st/stm32cubeide_1.11.2/plugins/com.st.stm32cube.ide.mcu.externaltools.gnu-tools-for-stm32.10.3-2021.10.linux64_1.0.100.202210260954/tools/bin/../lib/gcc/arm-none-eabi/10.3.1/../../../../arm-none-eabi/lib/thumb/v7-m/nofp/libc_nano.a(lib_a-memcpy-stub.o)
                0x0000000008009d34                memcpy
 .text.memset   0x0000000008009d50       0x10 /opt/st/stm32cubeide_1.11.2/plugins/com.st.stm32cube.ide.mcu.externaltools.gnu-tools-for-stm32.10.3-2021.10.linux64_1.0.100.202210260954/tools/bin/../lib/gcc/arm-none-eabi/10.3.1/../../../../arm-none-eabi/lib/thumb/v7-m/nofp/libc_nano.a(lib_a-memset.o)
                0x0000000008009d50                memset
 .text.sbrk_aligned
                0x0000000008009d60       0x40 /opt/st/stm32cubeide_1.11.2/plugins/com.st.stm32cube.ide.mcu.externaltools.gnu-tools-for-stm32.10.3-2021.10.linux64_1.0.100.202210260954/tools/bin/../lib/gcc/arm-none-eabi/10.3.1/../../../../arm-none-eabi/lib/thumb/v7-m/nofp/libc_nano.a(lib_a-nano-mallocr.o)
 .text._malloc_r
                0x0000000008009da0       0xe8 /opt/st/stm32cubeide_1.11.2/plugins/com.st.stm32cube.ide.mcu.externaltools.gnu-tools-for-stm32.10.3-2021.10.linux64_1.0.100.202210260954/tools/bin/../lib/gcc/arm-none-eabi/10.3.1/../../../../arm-none-eabi/lib/thumb/v7-m/nofp/libc_nano.a(lib_a-nano-mallocr.o)
                0x0000000008009da0                _malloc_r
 .text.cleanup_glue
                0x0000000008009e88       0x1a /opt/st/stm32cubeide_1.11.2/plugins/com.st.stm32cube.ide.mcu.externaltools.gnu-tools-for-stm32.10.3-2021.10.linux64_1.0.100.202210260954/tools/bin/../lib/gcc/arm-none-eabi/10.3.1/../../../../arm-none-eabi/lib/thumb/v7-m/nofp/libc_nano.a(lib_a-reent.o)
                0x0000000008009e88                cleanup_glue
 *fill*         0x0000000008009ea2        0x2 
 .text._reclaim_reent
                0x0000000008009ea4       0xb8 /opt/st/stm32cubeide_1.11.2/plugins/com.st.stm32cube.ide.mcu.externaltools.gnu-tools-for-stm32.10.3-2021.10.linux64_1.0.100.202210260954/tools/bin/../lib/gcc/arm-none-eabi/10.3.1/../../../../arm-none-eabi/lib/thumb/v7-m/nofp/libc_nano.a(lib_a-reent.o)
                0x0000000008009ea4                _reclaim_reent
 .text._sbrk_r  0x0000000008009f5c       0x20 /opt/st/stm32cubeide_1.11.2/plugins/com.st.stm32cube.ide.mcu.externaltools.gnu-tools-for-stm32.10.3-2021.10.linux64_1.0.100.202210260954/tools/bin/../lib/gcc/arm-none-eabi/10.3.1/../../../../arm-none-eabi/lib/thumb/v7-m/nofp/libc_nano.a(lib_a-sbrkr.o)
                0x0000000008009f5c                _sbrk_r
 .text.sprintf  0x0000000008009f7c       0x40 /opt/st/stm32cubeide_1.11.2/plugins/com.st.stm32cube.ide.mcu.externaltools.gnu-tools-for-stm32.10.3-2021.10.linux64_1.0.100.202210260954/tools/bin/../lib/gcc/arm-none-eabi/10.3.1/../../../../arm-none-eabi/lib/thumb/v7-m/nofp/libc_nano.a(lib_a-sprintf.o)
                0x0000000008009f7c                sprintf
                0x0000000008009f7c                siprintf
 .text.strcat   0x0000000008009fbc       0x1e /opt/st/stm32cubeide_1.11.2/plugins/com.st.stm32cube.ide.mcu.externaltools.gnu-tools-for-stm32.10.3-2021.10.linux64_1.0.100.202210260954/tools/bin/../lib/gcc/arm-none-eabi/10.3.1/../../../../arm-none-eabi/lib/thumb/v7-m/nofp/libc_nano.a(lib_a-strcat.o)
                0x0000000008009fbc                strcat
 *fill*         0x0000000008009fda        0x2 
 .text.__malloc_lock
                0x0000000008009fdc        0xc /opt/st/stm32cubeide_1.11.2/plugins/com.st.stm32cube.ide.mcu.externaltools.gnu-tools-for-stm32.10.3-2021.10.linux64_1.0.100.202210260954/tools/bin/../lib/gcc/arm-none-eabi/10.3.1/../../../../arm-none-eabi/lib/thumb/v7-m/nofp/libc_nano.a(lib_a-mlock.o)
                0x0000000008009fdc                __malloc_lock
 .text.__malloc_unlock
                0x0000000008009fe8        0xc /opt/st/stm32cubeide_1.11.2/plugins/com.st.stm32cube.ide.mcu.externaltools.gnu-tools-for-stm32.10.3-2021.10.linux64_1.0.100.202210260954/tools/bin/../lib/gcc/arm-none-eabi/10.3.1/../../../../arm-none-eabi/lib/thumb/v7-m/nofp/libc_nano.a(lib_a-mlock.o)
                0x0000000008009fe8                __malloc_unlock
 .text._free_r  0x0000000008009ff4       0x90 /opt/st/stm32cubeide_1.11.2/plugins/com.st.stm32cube.ide.mcu.externaltools.gnu-tools-for-stm32.10.3-2021.10.linux64_1.0.100.202210260954/tools/bin/../lib/gcc/arm-none-eabi/10.3.1/../../../../arm-none-eabi/lib/thumb/v7-m/nofp/libc_nano.a(lib_a-nano-freer.o)
                0x0000000008009ff4                _free_r
 .text.__ssputs_r
                0x000000000800a084       0xb6 /opt/st/stm32cubeide_1.11.2/plugins/com.st.stm32cube.ide.mcu.externaltools.gnu-tools-for-stm32.10.3-2021.10.linux64_1.0.100.202210260954/tools/bin/../lib/gcc/arm-none-eabi/10.3.1/../../../../arm-none-eabi/lib/thumb/v7-m/nofp/libc_nano.a(lib_a-nano-svfprintf.o)
                0x000000000800a084                __ssputs_r
 *fill*         0x000000000800a13a        0x2 
 .text._svfprintf_r
                0x000000000800a13c      0x200 /opt/st/stm32cubeide_1.11.2/plugins/com.st.stm32cube.ide.mcu.externaltools.gnu-tools-for-stm32.10.3-2021.10.linux64_1.0.100.202210260954/tools/bin/../lib/gcc/arm-none-eabi/10.3.1/../../../../arm-none-eabi/lib/thumb/v7-m/nofp/libc_nano.a(lib_a-nano-svfprintf.o)
                0x000000000800a13c                _svfprintf_r
                0x000000000800a13c                _svfiprintf_r
 .text._printf_common
                0x000000000800a33c       0xde /opt/st/stm32cubeide_1.11.2/plugins/com.st.stm32cube.ide.mcu.externaltools.gnu-tools-for-stm32.10.3-2021.10.linux64_1.0.100.202210260954/tools/bin/../lib/gcc/arm-none-eabi/10.3.1/../../../../arm-none-eabi/lib/thumb/v7-m/nofp/libc_nano.a(lib_a-nano-vfprintf_i.o)
                0x000000000800a33c                _printf_common
 *fill*         0x000000000800a41a        0x2 
 .text._printf_i
                0x000000000800a41c      0x24c /opt/st/stm32cubeide_1.11.2/plugins/com.st.stm32cube.ide.mcu.externaltools.gnu-tools-for-stm32.10.3-2021.10.linux64_1.0.100.202210260954/tools/bin/../lib/gcc/arm-none-eabi/10.3.1/../../../../arm-none-eabi/lib/thumb/v7-m/nofp/libc_nano.a(lib_a-nano-vfprintf_i.o)
                0x000000000800a41c                _printf_i
 .text.memchr   0x000000000800a668       0x1c /opt/st/stm32cubeide_1.11.2/plugins/com.st.stm32cube.ide.mcu.externaltools.gnu-tools-for-stm32.10.3-2021.10.linux64_1.0.100.202210260954/tools/bin/../lib/gcc/arm-none-eabi/10.3.1/../../../../arm-none-eabi/lib/thumb/v7-m/nofp/libc_nano.a(lib_a-memchr-stub.o)
                0x000000000800a668                memchr
 .text.memmove  0x000000000800a684       0x34 /opt/st/stm32cubeide_1.11.2/plugins/com.st.stm32cube.ide.mcu.externaltools.gnu-tools-for-stm32.10.3-2021.10.linux64_1.0.100.202210260954/tools/bin/../lib/gcc/arm-none-eabi/10.3.1/../../../../arm-none-eabi/lib/thumb/v7-m/nofp/libc_nano.a(lib_a-memmove.o)
                0x000000000800a684                memmove
 .text._realloc_r
                0x000000000800a6b8       0x5e /opt/st/stm32cubeide_1.11.2/plugins/com.st.stm32cube.ide.mcu.externaltools.gnu-tools-for-stm32.10.3-2021.10.linux64_1.0.100.202210260954/tools/bin/../lib/gcc/arm-none-eabi/10.3.1/../../../../arm-none-eabi/lib/thumb/v7-m/nofp/libc_nano.a(lib_a-nano-reallocr.o)
                0x000000000800a6b8                _realloc_r
 .text._malloc_usable_size_r
                0x000000000800a716       0x10 /opt/st/stm32cubeide_1.11.2/plugins/com.st.stm32cube.ide.mcu.externaltools.gnu-tools-for-stm32.10.3-2021.10.linux64_1.0.100.202210260954/tools/bin/../lib/gcc/arm-none-eabi/10.3.1/../../../../arm-none-eabi/lib/thumb/v7-m/nofp/libc_nano.a(lib_a-nano-msizer.o)
                0x000000000800a716                _malloc_usable_size_r
 *(.glue_7)
 .glue_7        0x000000000800a726        0x0 linker stubs
 *(.glue_7t)
 .glue_7t       0x000000000800a726        0x0 linker stubs
 *(.eh_frame)
 *fill*         0x000000000800a726        0x2 
 .eh_frame      0x000000000800a728        0x0 /opt/st/stm32cubeide_1.11.2/plugins/com.st.stm32cube.ide.mcu.externaltools.gnu-tools-for-stm32.10.3-2021.10.linux64_1.0.100.202210260954/tools/bin/../lib/gcc/arm-none-eabi/10.3.1/thumb/v7-m/nofp/crtbegin.o
 *(.init)
 .init          0x000000000800a728        0x4 /opt/st/stm32cubeide_1.11.2/plugins/com.st.stm32cube.ide.mcu.externaltools.gnu-tools-for-stm32.10.3-2021.10.linux64_1.0.100.202210260954/tools/bin/../lib/gcc/arm-none-eabi/10.3.1/thumb/v7-m/nofp/crti.o
                0x000000000800a728                _init
 .init          0x000000000800a72c        0x8 /opt/st/stm32cubeide_1.11.2/plugins/com.st.stm32cube.ide.mcu.externaltools.gnu-tools-for-stm32.10.3-2021.10.linux64_1.0.100.202210260954/tools/bin/../lib/gcc/arm-none-eabi/10.3.1/thumb/v7-m/nofp/crtn.o
 *(.fini)
 .fini          0x000000000800a734        0x4 /opt/st/stm32cubeide_1.11.2/plugins/com.st.stm32cube.ide.mcu.externaltools.gnu-tools-for-stm32.10.3-2021.10.linux64_1.0.100.202210260954/tools/bin/../lib/gcc/arm-none-eabi/10.3.1/thumb/v7-m/nofp/crti.o
                0x000000000800a734                _fini
 .fini          0x000000000800a738        0x8 /opt/st/stm32cubeide_1.11.2/plugins/com.st.stm32cube.ide.mcu.externaltools.gnu-tools-for-stm32.10.3-2021.10.linux64_1.0.100.202210260954/tools/bin/../lib/gcc/arm-none-eabi/10.3.1/thumb/v7-m/nofp/crtn.o
                0x000000000800a740                . = ALIGN (0x4)
                0x000000000800a740                _etext = .

.vfp11_veneer   0x000000000800a740        0x0
 .vfp11_veneer  0x000000000800a740        0x0 linker stubs

.v4_bx          0x000000000800a740        0x0
 .v4_bx         0x000000000800a740        0x0 linker stubs

.iplt           0x000000000800a740        0x0
 .iplt          0x000000000800a740        0x0 /opt/st/stm32cubeide_1.11.2/plugins/com.st.stm32cube.ide.mcu.externaltools.gnu-tools-for-stm32.10.3-2021.10.linux64_1.0.100.202210260954/tools/bin/../lib/gcc/arm-none-eabi/10.3.1/thumb/v7-m/nofp/crtbegin.o

.rodata         0x000000000800a740      0x610
                0x000000000800a740                . = ALIGN (0x4)
 *(.rodata)
 .rodata        0x000000000800a740       0x16 ./Core/Src/WS1812B/ws2812b.o
 *fill*         0x000000000800a756        0x2 
 .rodata        0x000000000800a758       0xa7 ./Core/Src/main.o
 *fill*         0x000000000800a7ff        0x1 
 .rodata        0x000000000800a800       0x10 ./Drivers/STM32F1xx_HAL_Driver/Src/stm32f1xx_hal_rcc.o
 .rodata        0x000000000800a810        0x5 ./Middlewares/Third_Party/FreeRTOS/Source/tasks.o
 *fill*         0x000000000800a815        0x3 
 .rodata        0x000000000800a818        0xd ./Middlewares/Third_Party/FreeRTOS/Source/timers.o
 *(.rodata*)
 *fill*         0x000000000800a825        0x3 
 .rodata.digits_paterns
                0x000000000800a828      0x23a ./Core/Src/WS1812B/ws2812b.o
                0x000000000800a828                digits_paterns
 *fill*         0x000000000800aa62        0x2 
 .rodata.LightSensorTask_attributes
                0x000000000800aa64       0x24 ./Core/Src/main.o
                0x000000000800aa64                LightSensorTask_attributes
 .rodata.DC2321Task_attributes
                0x000000000800aa88       0x24 ./Core/Src/main.o
                0x000000000800aa88                DC2321Task_attributes
 .rodata.ButtonsTask_attributes
                0x000000000800aaac       0x24 ./Core/Src/main.o
                0x000000000800aaac                ButtonsTask_attributes
 .rodata.ws2812bTask_attributes
                0x000000000800aad0       0x24 ./Core/Src/main.o
                0x000000000800aad0                ws2812bTask_attributes
 .rodata.LightTask_attributes
                0x000000000800aaf4       0x24 ./Core/Src/main.o
                0x000000000800aaf4                LightTask_attributes
 .rodata.buttonPress_attributes
                0x000000000800ab18       0x18 ./Core/Src/main.o
                0x000000000800ab18                buttonPress_attributes
 .rodata.readRTCQueue_attributes
                0x000000000800ab30       0x18 ./Core/Src/main.o
                0x000000000800ab30                readRTCQueue_attributes
 .rodata.newRTCTimeQueue_attributes
                0x000000000800ab48       0x18 ./Core/Src/main.o
                0x000000000800ab48                newRTCTimeQueue_attributes
 .rodata.setValueQueue_attributes
                0x000000000800ab60       0x18 ./Core/Src/main.o
                0x000000000800ab60                setValueQueue_attributes
 .rodata.Light_attributes
                0x000000000800ab78       0x18 ./Core/Src/main.o
                0x000000000800ab78                Light_attributes
 .rodata.RTCTrigSem_attributes
                0x000000000800ab90       0x10 ./Core/Src/main.o
                0x000000000800ab90                RTCTrigSem_attributes
 .rodata.AHBPrescTable
                0x000000000800aba0       0x10 ./Core/Src/system_stm32f1xx.o
                0x000000000800aba0                AHBPrescTable
 .rodata.APBPrescTable
                0x000000000800abb0        0x8 ./Core/Src/system_stm32f1xx.o
                0x000000000800abb0                APBPrescTable
 .rodata._ctype_
                0x000000000800abb8      0x101 /opt/st/stm32cubeide_1.11.2/plugins/com.st.stm32cube.ide.mcu.externaltools.gnu-tools-for-stm32.10.3-2021.10.linux64_1.0.100.202210260954/tools/bin/../lib/gcc/arm-none-eabi/10.3.1/../../../../arm-none-eabi/lib/thumb/v7-m/nofp/libc_nano.a(lib_a-ctype_.o)
                0x000000000800abb8                _ctype_
 *fill*         0x000000000800acb9        0x3 
 .rodata.__sf_fake_stderr
                0x000000000800acbc       0x20 /opt/st/stm32cubeide_1.11.2/plugins/com.st.stm32cube.ide.mcu.externaltools.gnu-tools-for-stm32.10.3-2021.10.linux64_1.0.100.202210260954/tools/bin/../lib/gcc/arm-none-eabi/10.3.1/../../../../arm-none-eabi/lib/thumb/v7-m/nofp/libc_nano.a(lib_a-findfp.o)
                0x000000000800acbc                __sf_fake_stderr
 .rodata.__sf_fake_stdin
                0x000000000800acdc       0x20 /opt/st/stm32cubeide_1.11.2/plugins/com.st.stm32cube.ide.mcu.externaltools.gnu-tools-for-stm32.10.3-2021.10.linux64_1.0.100.202210260954/tools/bin/../lib/gcc/arm-none-eabi/10.3.1/../../../../arm-none-eabi/lib/thumb/v7-m/nofp/libc_nano.a(lib_a-findfp.o)
                0x000000000800acdc                __sf_fake_stdin
 .rodata.__sf_fake_stdout
                0x000000000800acfc       0x20 /opt/st/stm32cubeide_1.11.2/plugins/com.st.stm32cube.ide.mcu.externaltools.gnu-tools-for-stm32.10.3-2021.10.linux64_1.0.100.202210260954/tools/bin/../lib/gcc/arm-none-eabi/10.3.1/../../../../arm-none-eabi/lib/thumb/v7-m/nofp/libc_nano.a(lib_a-findfp.o)
                0x000000000800acfc                __sf_fake_stdout
 .rodata._svfprintf_r.str1.1
                0x000000000800ad1c       0x11 /opt/st/stm32cubeide_1.11.2/plugins/com.st.stm32cube.ide.mcu.externaltools.gnu-tools-for-stm32.10.3-2021.10.linux64_1.0.100.202210260954/tools/bin/../lib/gcc/arm-none-eabi/10.3.1/../../../../arm-none-eabi/lib/thumb/v7-m/nofp/libc_nano.a(lib_a-nano-svfprintf.o)
 .rodata._printf_i.str1.1
                0x000000000800ad2d       0x22 /opt/st/stm32cubeide_1.11.2/plugins/com.st.stm32cube.ide.mcu.externaltools.gnu-tools-for-stm32.10.3-2021.10.linux64_1.0.100.202210260954/tools/bin/../lib/gcc/arm-none-eabi/10.3.1/../../../../arm-none-eabi/lib/thumb/v7-m/nofp/libc_nano.a(lib_a-nano-vfprintf_i.o)
                0x000000000800ad50                . = ALIGN (0x4)
 *fill*         0x000000000800ad4f        0x1 

.rel.dyn        0x000000000800ad50        0x0
 .rel.iplt      0x000000000800ad50        0x0 /opt/st/stm32cubeide_1.11.2/plugins/com.st.stm32cube.ide.mcu.externaltools.gnu-tools-for-stm32.10.3-2021.10.linux64_1.0.100.202210260954/tools/bin/../lib/gcc/arm-none-eabi/10.3.1/thumb/v7-m/nofp/crtbegin.o

.ARM.extab      0x000000000800ad50        0x0
                0x000000000800ad50                . = ALIGN (0x4)
 *(.ARM.extab* .gnu.linkonce.armextab.*)
                0x000000000800ad50                . = ALIGN (0x4)

.ARM            0x000000000800ad50        0x0
                0x000000000800ad50                . = ALIGN (0x4)
                0x000000000800ad50                __exidx_start = .
 *(.ARM.exidx*)
                0x000000000800ad50                __exidx_end = .
                0x000000000800ad50                . = ALIGN (0x4)

.preinit_array  0x000000000800ad50        0x0
                0x000000000800ad50                . = ALIGN (0x4)
                0x000000000800ad50                PROVIDE (__preinit_array_start = .)
 *(.preinit_array*)
                0x000000000800ad50                PROVIDE (__preinit_array_end = .)
                0x000000000800ad50                . = ALIGN (0x4)

.init_array     0x000000000800ad50        0x4
                0x000000000800ad50                . = ALIGN (0x4)
                0x000000000800ad50                PROVIDE (__init_array_start = .)
 *(SORT_BY_NAME(.init_array.*))
 *(.init_array*)
 .init_array    0x000000000800ad50        0x4 /opt/st/stm32cubeide_1.11.2/plugins/com.st.stm32cube.ide.mcu.externaltools.gnu-tools-for-stm32.10.3-2021.10.linux64_1.0.100.202210260954/tools/bin/../lib/gcc/arm-none-eabi/10.3.1/thumb/v7-m/nofp/crtbegin.o
                0x000000000800ad54                PROVIDE (__init_array_end = .)
                0x000000000800ad54                . = ALIGN (0x4)

.fini_array     0x000000000800ad54        0x4
                0x000000000800ad54                . = ALIGN (0x4)
                [!provide]                        PROVIDE (__fini_array_start = .)
 *(SORT_BY_NAME(.fini_array.*))
 *(.fini_array*)
 .fini_array    0x000000000800ad54        0x4 /opt/st/stm32cubeide_1.11.2/plugins/com.st.stm32cube.ide.mcu.externaltools.gnu-tools-for-stm32.10.3-2021.10.linux64_1.0.100.202210260954/tools/bin/../lib/gcc/arm-none-eabi/10.3.1/thumb/v7-m/nofp/crtbegin.o
                [!provide]                        PROVIDE (__fini_array_end = .)
                0x000000000800ad58                . = ALIGN (0x4)
                0x000000000800ad58                _sidata = LOADADDR (.data)

.data           0x0000000020000000       0x78 load address 0x000000000800ad58
                0x0000000020000000                . = ALIGN (0x4)
                0x0000000020000000                _sdata = .
 *(.data)
 *(.data*)
 .data.BYTESINPATTERN
                0x0000000020000000        0x1 ./Core/Src/WS1812B/ws2812b.o
                0x0000000020000000                BYTESINPATTERN
 .data.trigSeccond.0
                0x0000000020000001        0x1 ./Core/Src/WS1812B/ws2812b.o
 .data.setet_type.3
                0x0000000020000002        0x1 ./Core/Src/main.o
 *fill*         0x0000000020000003        0x1 
 .data.SystemCoreClock
                0x0000000020000004        0x4 ./Core/Src/system_stm32f1xx.o
                0x0000000020000004                SystemCoreClock
 .data.uwTickPrio
                0x0000000020000008        0x4 ./Drivers/STM32F1xx_HAL_Driver/Src/stm32f1xx_hal.o
                0x0000000020000008                uwTickPrio
 .data.uwTickFreq
                0x000000002000000c        0x1 ./Drivers/STM32F1xx_HAL_Driver/Src/stm32f1xx_hal.o
                0x000000002000000c                uwTickFreq
 *fill*         0x000000002000000d        0x3 
 .data.uxCriticalNesting
                0x0000000020000010        0x4 ./Middlewares/Third_Party/FreeRTOS/Source/portable/GCC/ARM_CM3/port.o
 .data._impure_ptr
                0x0000000020000014        0x4 /opt/st/stm32cubeide_1.11.2/plugins/com.st.stm32cube.ide.mcu.externaltools.gnu-tools-for-stm32.10.3-2021.10.linux64_1.0.100.202210260954/tools/bin/../lib/gcc/arm-none-eabi/10.3.1/../../../../arm-none-eabi/lib/thumb/v7-m/nofp/libc_nano.a(lib_a-impure.o)
                0x0000000020000014                _impure_ptr
 .data.impure_data
                0x0000000020000018       0x60 /opt/st/stm32cubeide_1.11.2/plugins/com.st.stm32cube.ide.mcu.externaltools.gnu-tools-for-stm32.10.3-2021.10.linux64_1.0.100.202210260954/tools/bin/../lib/gcc/arm-none-eabi/10.3.1/../../../../arm-none-eabi/lib/thumb/v7-m/nofp/libc_nano.a(lib_a-impure.o)
 *(.RamFunc)
 *(.RamFunc*)
                0x0000000020000078                . = ALIGN (0x4)
                0x0000000020000078                _edata = .

.igot.plt       0x0000000020000078        0x0 load address 0x000000000800add0
 .igot.plt      0x0000000020000078        0x0 /opt/st/stm32cubeide_1.11.2/plugins/com.st.stm32cube.ide.mcu.externaltools.gnu-tools-for-stm32.10.3-2021.10.linux64_1.0.100.202210260954/tools/bin/../lib/gcc/arm-none-eabi/10.3.1/thumb/v7-m/nofp/crtbegin.o
                0x0000000020000078                . = ALIGN (0x4)

.bss            0x0000000020000078     0x3a18 load address 0x000000000800add0
                0x0000000020000078                _sbss = .
                0x0000000020000078                __bss_start__ = _sbss
 *(.bss)
 .bss           0x0000000020000078       0x1c /opt/st/stm32cubeide_1.11.2/plugins/com.st.stm32cube.ide.mcu.externaltools.gnu-tools-for-stm32.10.3-2021.10.linux64_1.0.100.202210260954/tools/bin/../lib/gcc/arm-none-eabi/10.3.1/thumb/v7-m/nofp/crtbegin.o
 *(.bss*)
 .bss.LED_Data  0x0000000020000094      0x154 ./Core/Src/WS1812B/ws2812b.o
                0x0000000020000094                LED_Data
 .bss.pwmData   0x00000000200001e8     0x105e ./Core/Src/WS1812B/ws2812b.o
                0x00000000200001e8                pwmData
 *fill*         0x0000000020001246        0x2 
 .bss.datasentflag
                0x0000000020001248        0x4 ./Core/Src/WS1812B/ws2812b.o
                0x0000000020001248                datasentflag
 .bss.register_current_value
                0x000000002000124c        0x1 ./Core/Src/ds3231/DS3231.o
 .bss.register_new_value
                0x000000002000124d        0x1 ./Core/Src/ds3231/DS3231.o
 *fill*         0x000000002000124e        0x2 
 .bss.time_registers_clone
                0x0000000020001250        0x7 ./Core/Src/ds3231/DS3231.o
 *fill*         0x0000000020001257        0x1 
 .bss.alarm1_registers_clone
                0x0000000020001258        0x4 ./Core/Src/ds3231/DS3231.o
 .bss.alarm2_registers_clone
                0x000000002000125c        0x3 ./Core/Src/ds3231/DS3231.o
 *fill*         0x000000002000125f        0x1 
 .bss.hadc1     0x0000000020001260       0x30 ./Core/Src/main.o
                0x0000000020001260                hadc1
 .bss.hcrc      0x0000000020001290        0x8 ./Core/Src/main.o
                0x0000000020001290                hcrc
 .bss.hi2c2     0x0000000020001298       0x54 ./Core/Src/main.o
                0x0000000020001298                hi2c2
 .bss.htim2     0x00000000200012ec       0x48 ./Core/Src/main.o
                0x00000000200012ec                htim2
 .bss.htim3     0x0000000020001334       0x48 ./Core/Src/main.o
                0x0000000020001334                htim3
 .bss.hdma_tim2_ch2_ch4
                0x000000002000137c       0x44 ./Core/Src/main.o
                0x000000002000137c                hdma_tim2_ch2_ch4
 .bss.LightSensorTaskHandle
                0x00000000200013c0        0x4 ./Core/Src/main.o
                0x00000000200013c0                LightSensorTaskHandle
 .bss.DC2321TaskHandle
                0x00000000200013c4        0x4 ./Core/Src/main.o
                0x00000000200013c4                DC2321TaskHandle
 .bss.DC2321TaskBuffer
                0x00000000200013c8      0x200 ./Core/Src/main.o
                0x00000000200013c8                DC2321TaskBuffer
 .bss.DC2321TaskControlBlock
                0x00000000200015c8       0xbc ./Core/Src/main.o
                0x00000000200015c8                DC2321TaskControlBlock
 .bss.ButtonsTaskHandle
                0x0000000020001684        0x4 ./Core/Src/main.o
                0x0000000020001684                ButtonsTaskHandle
 .bss.EncoderTaskBuffer
                0x0000000020001688      0x200 ./Core/Src/main.o
                0x0000000020001688                EncoderTaskBuffer
 .bss.EncoderTaskControlBlock
                0x0000000020001888       0xbc ./Core/Src/main.o
                0x0000000020001888                EncoderTaskControlBlock
 .bss.ws2812bTaskHandle
                0x0000000020001944        0x4 ./Core/Src/main.o
                0x0000000020001944                ws2812bTaskHandle
 .bss.ws1228bTaskBuffer
                0x0000000020001948      0x640 ./Core/Src/main.o
                0x0000000020001948                ws1228bTaskBuffer
 .bss.ws1228bTaskControlBlock
                0x0000000020001f88       0xbc ./Core/Src/main.o
                0x0000000020001f88                ws1228bTaskControlBlock
 .bss.LightTaskHandle
                0x0000000020002044        0x4 ./Core/Src/main.o
                0x0000000020002044                LightTaskHandle
 .bss.buttonPressHandle
                0x0000000020002048        0x4 ./Core/Src/main.o
                0x0000000020002048                buttonPressHandle
 .bss.readRTCQueueHandle
                0x000000002000204c        0x4 ./Core/Src/main.o
                0x000000002000204c                readRTCQueueHandle
 .bss.newRTCTimeQueueHandle
                0x0000000020002050        0x4 ./Core/Src/main.o
                0x0000000020002050                newRTCTimeQueueHandle
 .bss.setValueQueueHandle
                0x0000000020002054        0x4 ./Core/Src/main.o
                0x0000000020002054                setValueQueueHandle
 .bss.LightHandle
                0x0000000020002058        0x4 ./Core/Src/main.o
                0x0000000020002058                LightHandle
 .bss.RTCTrigSemHandle
                0x000000002000205c        0x4 ./Core/Src/main.o
                0x000000002000205c                RTCTrigSemHandle
 .bss.QUEUE_RTC_t
                0x0000000020002060        0x7 ./Core/Src/main.o
                0x0000000020002060                QUEUE_RTC_t
 *fill*         0x0000000020002067        0x1 
 .bss.xHigherPriorityTaskWoken.5
                0x0000000020002068        0x4 ./Core/Src/main.o
 .bss.mode.4    0x000000002000206c        0x1 ./Core/Src/main.o
 .bss.hour.2    0x000000002000206d        0x1 ./Core/Src/main.o
 .bss.minute.1  0x000000002000206e        0x1 ./Core/Src/main.o
 .bss.second.0  0x000000002000206f        0x1 ./Core/Src/main.o
 .bss.htim4     0x0000000020002070       0x48 ./Core/Src/stm32f1xx_hal_timebase_tim.o
                0x0000000020002070                htim4
 .bss.__sbrk_heap_end
                0x00000000200020b8        0x4 ./Core/Src/sysmem.o
 .bss.uwTick    0x00000000200020bc        0x4 ./Drivers/STM32F1xx_HAL_Driver/Src/stm32f1xx_hal.o
                0x00000000200020bc                uwTick
 .bss.KernelState
                0x00000000200020c0        0x4 ./Middlewares/Third_Party/FreeRTOS/Source/CMSIS_RTOS_V2/cmsis_os2.o
 .bss.Idle_TCB  0x00000000200020c4       0xbc ./Middlewares/Third_Party/FreeRTOS/Source/CMSIS_RTOS_V2/cmsis_os2.o
 .bss.Idle_Stack
                0x0000000020002180      0x200 ./Middlewares/Third_Party/FreeRTOS/Source/CMSIS_RTOS_V2/cmsis_os2.o
 .bss.Timer_TCB
                0x0000000020002380       0xbc ./Middlewares/Third_Party/FreeRTOS/Source/CMSIS_RTOS_V2/cmsis_os2.o
 .bss.Timer_Stack
                0x000000002000243c      0x400 ./Middlewares/Third_Party/FreeRTOS/Source/CMSIS_RTOS_V2/cmsis_os2.o
 .bss.xQueueRegistry
                0x000000002000283c       0x40 ./Middlewares/Third_Party/FreeRTOS/Source/queue.o
                0x000000002000283c                xQueueRegistry
 .bss.pxCurrentTCB
                0x000000002000287c        0x4 ./Middlewares/Third_Party/FreeRTOS/Source/tasks.o
                0x000000002000287c                pxCurrentTCB
 .bss.pxReadyTasksLists
                0x0000000020002880      0x460 ./Middlewares/Third_Party/FreeRTOS/Source/tasks.o
 .bss.xDelayedTaskList1
                0x0000000020002ce0       0x14 ./Middlewares/Third_Party/FreeRTOS/Source/tasks.o
 .bss.xDelayedTaskList2
                0x0000000020002cf4       0x14 ./Middlewares/Third_Party/FreeRTOS/Source/tasks.o
 .bss.pxDelayedTaskList
                0x0000000020002d08        0x4 ./Middlewares/Third_Party/FreeRTOS/Source/tasks.o
 .bss.pxOverflowDelayedTaskList
                0x0000000020002d0c        0x4 ./Middlewares/Third_Party/FreeRTOS/Source/tasks.o
 .bss.xPendingReadyList
                0x0000000020002d10       0x14 ./Middlewares/Third_Party/FreeRTOS/Source/tasks.o
 .bss.xTasksWaitingTermination
                0x0000000020002d24       0x14 ./Middlewares/Third_Party/FreeRTOS/Source/tasks.o
 .bss.uxDeletedTasksWaitingCleanUp
                0x0000000020002d38        0x4 ./Middlewares/Third_Party/FreeRTOS/Source/tasks.o
 .bss.xSuspendedTaskList
                0x0000000020002d3c       0x14 ./Middlewares/Third_Party/FreeRTOS/Source/tasks.o
 .bss.uxCurrentNumberOfTasks
                0x0000000020002d50        0x4 ./Middlewares/Third_Party/FreeRTOS/Source/tasks.o
 .bss.xTickCount
                0x0000000020002d54        0x4 ./Middlewares/Third_Party/FreeRTOS/Source/tasks.o
 .bss.uxTopReadyPriority
                0x0000000020002d58        0x4 ./Middlewares/Third_Party/FreeRTOS/Source/tasks.o
 .bss.xSchedulerRunning
                0x0000000020002d5c        0x4 ./Middlewares/Third_Party/FreeRTOS/Source/tasks.o
 .bss.uxPendedTicks
                0x0000000020002d60        0x4 ./Middlewares/Third_Party/FreeRTOS/Source/tasks.o
 .bss.xYieldPending
                0x0000000020002d64        0x4 ./Middlewares/Third_Party/FreeRTOS/Source/tasks.o
 .bss.xNumOfOverflows
                0x0000000020002d68        0x4 ./Middlewares/Third_Party/FreeRTOS/Source/tasks.o
 .bss.uxTaskNumber
                0x0000000020002d6c        0x4 ./Middlewares/Third_Party/FreeRTOS/Source/tasks.o
 .bss.xNextTaskUnblockTime
                0x0000000020002d70        0x4 ./Middlewares/Third_Party/FreeRTOS/Source/tasks.o
 .bss.xIdleTaskHandle
                0x0000000020002d74        0x4 ./Middlewares/Third_Party/FreeRTOS/Source/tasks.o
 .bss.uxSchedulerSuspended
                0x0000000020002d78        0x4 ./Middlewares/Third_Party/FreeRTOS/Source/tasks.o
 .bss.xActiveTimerList1
                0x0000000020002d7c       0x14 ./Middlewares/Third_Party/FreeRTOS/Source/timers.o
 .bss.xActiveTimerList2
                0x0000000020002d90       0x14 ./Middlewares/Third_Party/FreeRTOS/Source/timers.o
 .bss.pxCurrentTimerList
                0x0000000020002da4        0x4 ./Middlewares/Third_Party/FreeRTOS/Source/timers.o
 .bss.pxOverflowTimerList
                0x0000000020002da8        0x4 ./Middlewares/Third_Party/FreeRTOS/Source/timers.o
 .bss.xTimerQueue
                0x0000000020002dac        0x4 ./Middlewares/Third_Party/FreeRTOS/Source/timers.o
 .bss.xTimerTaskHandle
                0x0000000020002db0        0x4 ./Middlewares/Third_Party/FreeRTOS/Source/timers.o
 .bss.xLastTime.2
                0x0000000020002db4        0x4 ./Middlewares/Third_Party/FreeRTOS/Source/timers.o
 .bss.ucStaticTimerQueueStorage.1
                0x0000000020002db8       0xa0 ./Middlewares/Third_Party/FreeRTOS/Source/timers.o
 .bss.xStaticTimerQueue.0
                0x0000000020002e58       0x50 ./Middlewares/Third_Party/FreeRTOS/Source/timers.o
 .bss.ucMaxSysCallPriority
                0x0000000020002ea8        0x1 ./Middlewares/Third_Party/FreeRTOS/Source/portable/GCC/ARM_CM3/port.o
 *fill*         0x0000000020002ea9        0x3 
 .bss.ulMaxPRIGROUPValue
                0x0000000020002eac        0x4 ./Middlewares/Third_Party/FreeRTOS/Source/portable/GCC/ARM_CM3/port.o
 .bss.ucHeap    0x0000000020002eb0      0xbb8 ./Middlewares/Third_Party/FreeRTOS/Source/portable/MemMang/heap_4.o
 .bss.xStart    0x0000000020003a68        0x8 ./Middlewares/Third_Party/FreeRTOS/Source/portable/MemMang/heap_4.o
 .bss.pxEnd     0x0000000020003a70        0x4 ./Middlewares/Third_Party/FreeRTOS/Source/portable/MemMang/heap_4.o
 .bss.xFreeBytesRemaining
                0x0000000020003a74        0x4 ./Middlewares/Third_Party/FreeRTOS/Source/portable/MemMang/heap_4.o
 .bss.xMinimumEverFreeBytesRemaining
                0x0000000020003a78        0x4 ./Middlewares/Third_Party/FreeRTOS/Source/portable/MemMang/heap_4.o
 .bss.xBlockAllocatedBit
                0x0000000020003a7c        0x4 ./Middlewares/Third_Party/FreeRTOS/Source/portable/MemMang/heap_4.o
 .bss.__lock___malloc_recursive_mutex
                0x0000000020003a80        0x1 /opt/st/stm32cubeide_1.11.2/plugins/com.st.stm32cube.ide.mcu.externaltools.gnu-tools-for-stm32.10.3-2021.10.linux64_1.0.100.202210260954/tools/bin/../lib/gcc/arm-none-eabi/10.3.1/../../../../arm-none-eabi/lib/thumb/v7-m/nofp/libc_nano.a(lib_a-lock.o)
                0x0000000020003a80                __lock___malloc_recursive_mutex
 *fill*         0x0000000020003a81        0x3 
 .bss.__malloc_free_list
                0x0000000020003a84        0x4 /opt/st/stm32cubeide_1.11.2/plugins/com.st.stm32cube.ide.mcu.externaltools.gnu-tools-for-stm32.10.3-2021.10.linux64_1.0.100.202210260954/tools/bin/../lib/gcc/arm-none-eabi/10.3.1/../../../../arm-none-eabi/lib/thumb/v7-m/nofp/libc_nano.a(lib_a-nano-mallocr.o)
                0x0000000020003a84                __malloc_free_list
 .bss.__malloc_sbrk_start
                0x0000000020003a88        0x4 /opt/st/stm32cubeide_1.11.2/plugins/com.st.stm32cube.ide.mcu.externaltools.gnu-tools-for-stm32.10.3-2021.10.linux64_1.0.100.202210260954/tools/bin/../lib/gcc/arm-none-eabi/10.3.1/../../../../arm-none-eabi/lib/thumb/v7-m/nofp/libc_nano.a(lib_a-nano-mallocr.o)
                0x0000000020003a88                __malloc_sbrk_start
 .bss.errno     0x0000000020003a8c        0x4 /opt/st/stm32cubeide_1.11.2/plugins/com.st.stm32cube.ide.mcu.externaltools.gnu-tools-for-stm32.10.3-2021.10.linux64_1.0.100.202210260954/tools/bin/../lib/gcc/arm-none-eabi/10.3.1/../../../../arm-none-eabi/lib/thumb/v7-m/nofp/libc_nano.a(lib_a-reent.o)
                0x0000000020003a8c                errno
 *(COMMON)
                0x0000000020003a90                . = ALIGN (0x4)
                0x0000000020003a90                _ebss = .
                0x0000000020003a90                __bss_end__ = _ebss

._user_heap_stack
                0x0000000020003a90      0x600 load address 0x000000000800add0
                0x0000000020003a90                . = ALIGN (0x8)
                [!provide]                        PROVIDE (end = .)
                0x0000000020003a90                PROVIDE (_end = .)
                0x0000000020003c90                . = (. + _Min_Heap_Size)
 *fill*         0x0000000020003a90      0x200 
                0x0000000020004090                . = (. + _Min_Stack_Size)
 *fill*         0x0000000020003c90      0x400 
                0x0000000020004090                . = ALIGN (0x8)

/DISCARD/
 libc.a(*)
 libm.a(*)
 libgcc.a(*)

.ARM.attributes
                0x0000000000000000       0x29
 *(.ARM.attributes)
 .ARM.attributes
                0x0000000000000000       0x1d /opt/st/stm32cubeide_1.11.2/plugins/com.st.stm32cube.ide.mcu.externaltools.gnu-tools-for-stm32.10.3-2021.10.linux64_1.0.100.202210260954/tools/bin/../lib/gcc/arm-none-eabi/10.3.1/thumb/v7-m/nofp/crti.o
 .ARM.attributes
                0x000000000000001d       0x2d /opt/st/stm32cubeide_1.11.2/plugins/com.st.stm32cube.ide.mcu.externaltools.gnu-tools-for-stm32.10.3-2021.10.linux64_1.0.100.202210260954/tools/bin/../lib/gcc/arm-none-eabi/10.3.1/thumb/v7-m/nofp/crtbegin.o
 .ARM.attributes
                0x000000000000004a       0x2d ./Core/Src/WS1812B/ws2812b.o
 .ARM.attributes
                0x0000000000000077       0x2d ./Core/Src/ds3231/DS3231.o
 .ARM.attributes
                0x00000000000000a4       0x2d ./Core/Src/main.o
 .ARM.attributes
                0x00000000000000d1       0x2d ./Core/Src/stm32f1xx_hal_msp.o
 .ARM.attributes
                0x00000000000000fe       0x2d ./Core/Src/stm32f1xx_hal_timebase_tim.o
 .ARM.attributes
                0x000000000000012b       0x2d ./Core/Src/stm32f1xx_it.o
 .ARM.attributes
                0x0000000000000158       0x2d ./Core/Src/sysmem.o
 .ARM.attributes
                0x0000000000000185       0x2d ./Core/Src/system_stm32f1xx.o
 .ARM.attributes
                0x00000000000001b2       0x21 ./Core/Startup/startup_stm32f103c8tx.o
 .ARM.attributes
                0x00000000000001d3       0x2d ./Drivers/STM32F1xx_HAL_Driver/Src/stm32f1xx_hal.o
 .ARM.attributes
                0x0000000000000200       0x2d ./Drivers/STM32F1xx_HAL_Driver/Src/stm32f1xx_hal_adc.o
 .ARM.attributes
                0x000000000000022d       0x2d ./Drivers/STM32F1xx_HAL_Driver/Src/stm32f1xx_hal_cortex.o
 .ARM.attributes
                0x000000000000025a       0x2d ./Drivers/STM32F1xx_HAL_Driver/Src/stm32f1xx_hal_crc.o
 .ARM.attributes
                0x0000000000000287       0x2d ./Drivers/STM32F1xx_HAL_Driver/Src/stm32f1xx_hal_dma.o
 .ARM.attributes
                0x00000000000002b4       0x2d ./Drivers/STM32F1xx_HAL_Driver/Src/stm32f1xx_hal_gpio.o
 .ARM.attributes
                0x00000000000002e1       0x2d ./Drivers/STM32F1xx_HAL_Driver/Src/stm32f1xx_hal_i2c.o
 .ARM.attributes
                0x000000000000030e       0x2d ./Drivers/STM32F1xx_HAL_Driver/Src/stm32f1xx_hal_rcc.o
 .ARM.attributes
                0x000000000000033b       0x2d ./Drivers/STM32F1xx_HAL_Driver/Src/stm32f1xx_hal_rcc_ex.o
 .ARM.attributes
                0x0000000000000368       0x2d ./Drivers/STM32F1xx_HAL_Driver/Src/stm32f1xx_hal_tim.o
 .ARM.attributes
                0x0000000000000395       0x2d ./Drivers/STM32F1xx_HAL_Driver/Src/stm32f1xx_hal_tim_ex.o
 .ARM.attributes
                0x00000000000003c2       0x2d ./Middlewares/Third_Party/FreeRTOS/Source/CMSIS_RTOS_V2/cmsis_os2.o
 .ARM.attributes
                0x00000000000003ef       0x2d ./Middlewares/Third_Party/FreeRTOS/Source/list.o
 .ARM.attributes
                0x000000000000041c       0x2d ./Middlewares/Third_Party/FreeRTOS/Source/queue.o
 .ARM.attributes
                0x0000000000000449       0x2d ./Middlewares/Third_Party/FreeRTOS/Source/tasks.o
 .ARM.attributes
                0x0000000000000476       0x2d ./Middlewares/Third_Party/FreeRTOS/Source/timers.o
 .ARM.attributes
                0x00000000000004a3       0x2d ./Middlewares/Third_Party/FreeRTOS/Source/portable/GCC/ARM_CM3/port.o
 .ARM.attributes
                0x00000000000004d0       0x2d ./Middlewares/Third_Party/FreeRTOS/Source/portable/MemMang/heap_4.o
 .ARM.attributes
                0x00000000000004fd       0x2d /opt/st/stm32cubeide_1.11.2/plugins/com.st.stm32cube.ide.mcu.externaltools.gnu-tools-for-stm32.10.3-2021.10.linux64_1.0.100.202210260954/tools/bin/../lib/gcc/arm-none-eabi/10.3.1/../../../../arm-none-eabi/lib/thumb/v7-m/nofp/libc_nano.a(lib_a-ctype_.o)
 .ARM.attributes
                0x000000000000052a       0x2d /opt/st/stm32cubeide_1.11.2/plugins/com.st.stm32cube.ide.mcu.externaltools.gnu-tools-for-stm32.10.3-2021.10.linux64_1.0.100.202210260954/tools/bin/../lib/gcc/arm-none-eabi/10.3.1/../../../../arm-none-eabi/lib/thumb/v7-m/nofp/libc_nano.a(lib_a-errno.o)
 .ARM.attributes
                0x0000000000000557       0x2d /opt/st/stm32cubeide_1.11.2/plugins/com.st.stm32cube.ide.mcu.externaltools.gnu-tools-for-stm32.10.3-2021.10.linux64_1.0.100.202210260954/tools/bin/../lib/gcc/arm-none-eabi/10.3.1/../../../../arm-none-eabi/lib/thumb/v7-m/nofp/libc_nano.a(lib_a-findfp.o)
 .ARM.attributes
                0x0000000000000584       0x2d /opt/st/stm32cubeide_1.11.2/plugins/com.st.stm32cube.ide.mcu.externaltools.gnu-tools-for-stm32.10.3-2021.10.linux64_1.0.100.202210260954/tools/bin/../lib/gcc/arm-none-eabi/10.3.1/../../../../arm-none-eabi/lib/thumb/v7-m/nofp/libc_nano.a(lib_a-impure.o)
 .ARM.attributes
                0x00000000000005b1       0x2d /opt/st/stm32cubeide_1.11.2/plugins/com.st.stm32cube.ide.mcu.externaltools.gnu-tools-for-stm32.10.3-2021.10.linux64_1.0.100.202210260954/tools/bin/../lib/gcc/arm-none-eabi/10.3.1/../../../../arm-none-eabi/lib/thumb/v7-m/nofp/libc_nano.a(lib_a-init.o)
 .ARM.attributes
                0x00000000000005de       0x2d /opt/st/stm32cubeide_1.11.2/plugins/com.st.stm32cube.ide.mcu.externaltools.gnu-tools-for-stm32.10.3-2021.10.linux64_1.0.100.202210260954/tools/bin/../lib/gcc/arm-none-eabi/10.3.1/../../../../arm-none-eabi/lib/thumb/v7-m/nofp/libc_nano.a(lib_a-lock.o)
 .ARM.attributes
                0x000000000000060b       0x2d /opt/st/stm32cubeide_1.11.2/plugins/com.st.stm32cube.ide.mcu.externaltools.gnu-tools-for-stm32.10.3-2021.10.linux64_1.0.100.202210260954/tools/bin/../lib/gcc/arm-none-eabi/10.3.1/../../../../arm-none-eabi/lib/thumb/v7-m/nofp/libc_nano.a(lib_a-memcpy-stub.o)
 .ARM.attributes
                0x0000000000000638       0x2d /opt/st/stm32cubeide_1.11.2/plugins/com.st.stm32cube.ide.mcu.externaltools.gnu-tools-for-stm32.10.3-2021.10.linux64_1.0.100.202210260954/tools/bin/../lib/gcc/arm-none-eabi/10.3.1/../../../../arm-none-eabi/lib/thumb/v7-m/nofp/libc_nano.a(lib_a-memset.o)
 .ARM.attributes
                0x0000000000000665       0x2d /opt/st/stm32cubeide_1.11.2/plugins/com.st.stm32cube.ide.mcu.externaltools.gnu-tools-for-stm32.10.3-2021.10.linux64_1.0.100.202210260954/tools/bin/../lib/gcc/arm-none-eabi/10.3.1/../../../../arm-none-eabi/lib/thumb/v7-m/nofp/libc_nano.a(lib_a-nano-mallocr.o)
 .ARM.attributes
                0x0000000000000692       0x2d /opt/st/stm32cubeide_1.11.2/plugins/com.st.stm32cube.ide.mcu.externaltools.gnu-tools-for-stm32.10.3-2021.10.linux64_1.0.100.202210260954/tools/bin/../lib/gcc/arm-none-eabi/10.3.1/../../../../arm-none-eabi/lib/thumb/v7-m/nofp/libc_nano.a(lib_a-reent.o)
 .ARM.attributes
                0x00000000000006bf       0x2d /opt/st/stm32cubeide_1.11.2/plugins/com.st.stm32cube.ide.mcu.externaltools.gnu-tools-for-stm32.10.3-2021.10.linux64_1.0.100.202210260954/tools/bin/../lib/gcc/arm-none-eabi/10.3.1/../../../../arm-none-eabi/lib/thumb/v7-m/nofp/libc_nano.a(lib_a-sbrkr.o)
 .ARM.attributes
                0x00000000000006ec       0x2d /opt/st/stm32cubeide_1.11.2/plugins/com.st.stm32cube.ide.mcu.externaltools.gnu-tools-for-stm32.10.3-2021.10.linux64_1.0.100.202210260954/tools/bin/../lib/gcc/arm-none-eabi/10.3.1/../../../../arm-none-eabi/lib/thumb/v7-m/nofp/libc_nano.a(lib_a-sprintf.o)
 .ARM.attributes
                0x0000000000000719       0x2d /opt/st/stm32cubeide_1.11.2/plugins/com.st.stm32cube.ide.mcu.externaltools.gnu-tools-for-stm32.10.3-2021.10.linux64_1.0.100.202210260954/tools/bin/../lib/gcc/arm-none-eabi/10.3.1/../../../../arm-none-eabi/lib/thumb/v7-m/nofp/libc_nano.a(lib_a-strcat.o)
 .ARM.attributes
                0x0000000000000746       0x2d /opt/st/stm32cubeide_1.11.2/plugins/com.st.stm32cube.ide.mcu.externaltools.gnu-tools-for-stm32.10.3-2021.10.linux64_1.0.100.202210260954/tools/bin/../lib/gcc/arm-none-eabi/10.3.1/../../../../arm-none-eabi/lib/thumb/v7-m/nofp/libc_nano.a(lib_a-mlock.o)
 .ARM.attributes
                0x0000000000000773       0x2d /opt/st/stm32cubeide_1.11.2/plugins/com.st.stm32cube.ide.mcu.externaltools.gnu-tools-for-stm32.10.3-2021.10.linux64_1.0.100.202210260954/tools/bin/../lib/gcc/arm-none-eabi/10.3.1/../../../../arm-none-eabi/lib/thumb/v7-m/nofp/libc_nano.a(lib_a-nano-freer.o)
 .ARM.attributes
                0x00000000000007a0       0x2d /opt/st/stm32cubeide_1.11.2/plugins/com.st.stm32cube.ide.mcu.externaltools.gnu-tools-for-stm32.10.3-2021.10.linux64_1.0.100.202210260954/tools/bin/../lib/gcc/arm-none-eabi/10.3.1/../../../../arm-none-eabi/lib/thumb/v7-m/nofp/libc_nano.a(lib_a-nano-svfprintf.o)
 .ARM.attributes