../Core/Src/WS1812B/ws2812b.c:195:6:Set_LED	24	static
../Core/Src/WS1812B/ws2812b.c:203:6:WS2812_Send	32	static
../Core/Src/WS1812B/ws2812b.c:242:6:HAL_TIM_PWM_PulseFinishedCallback	16	static
../Core/Src/WS1812B/ws2812b.c:248:6:cleanAllScreenBuffer	16	static
../Core/Src/WS1812B/ws2812b.c:256:6:cleanAllScreen	16	static
../Core/Src/WS1812B/ws2812b.c:265:6:whiteAll	16	static
../Core/Src/WS1812B/ws2812b.c:274:6:simple_animation	32	static
../Core/Src/WS1812B/ws2812b.c:296:6:showStringOnRGB	32	static
../Core/Src/WS1812B/ws2812b.c:325:6:print_test_digits	48	static
../Core/Src/WS1812B/ws2812b.c:401:6:printRuningNumbersAndLetters	40	static
../Core/Src/WS1812B/ws2812b.c:437:6:printString	24	static
../Core/Src/WS1812B/ws2812b.c:446:6:printTime	56	static
../Core/Src/WS1812B/ws2812b.c:489:6:setTimeString	40	static
../Core/Src/WS1812B/ws2812b.c:583:6:setStringOnScreenWithShift	40	static
../Core/Src/WS1812B/ws2812b.c:675:6:setStringOnScreen	40	static
../Core/Src/WS1812B/ws2812b.c:770:6:setNumberOnScreen	40	static
../Core/Src/WS1812B/ws2812b.c:852:6:setOnesimbol	40	static
../Core/Src/WS1812B/ws2812b.c:903:6:textAnimation	32	static
../Core/Src/WS1812B/ws2812b.c:917:6:colorAnimation	16	static
../Core/Src/WS1812B/ws2812b.c:926:13:fillInAllScreen	32	static
