../Core/Src/main.c:216:5:RandAlg_GetRandInt	16	static
../Core/Src/main.c:251:6:HAL_GPIO_EXTI_Callback	16	static
../Core/Src/main.c:265:9:GetRand	16	static
../Core/Src/main.c:273:6:generateRandNumbers	24	static
../Core/Src/main.c:283:6:selectColors	40	static
../Core/Src/main.c:338:5:main	8	static
../Core/Src/main.c:459:6:SystemClock_Config	88	static
../Core/Src/main.c:506:13:MX_ADC1_Init	24	static
../Core/Src/main.c:553:13:MX_CRC_Init	8	static
../Core/Src/main.c:579:13:MX_I2C2_Init	8	static
../Core/Src/main.c:613:13:MX_TIM2_Init	64	static
../Core/Src/main.c:672:13:MX_TIM3_Init	32	static
../Core/Src/main.c:715:13:MX_DMA_Init	16	static
../Core/Src/main.c:733:13:MX_GPIO_Init	40	static
../Core/Src/main.c:804:6:StartDefaultTask	16	static
../Core/Src/main.c:824:6:StartDC2321Task	40	static
../Core/Src/main.c:873:6:StartButtons	40	static
../Core/Src/main.c:1062:6:Startws2812b	72	static
../Core/Src/main.c:1142:6:StartLightTask	40	static
../Core/Src/main.c:1235:6:HAL_TIM_PeriodElapsedCallback	24	static
../Core/Src/main.c:1294:6:Error_Handler	4	static,ignoring_inline_asm
